

================================================================
== Vivado HLS Report for 'PE23'
================================================================
* Date:           Sun Feb 28 21:28:28 2021

* Version:        2020.1 (Build 2897737 on Wed May 27 20:21:37 MDT 2020)
* Project:        conv_v1.prj
* Solution:       solution2
* Product family: zynquplus
* Target device:  xczu7ev-ffvc1156-2-e


================================================================
== Performance Estimates
================================================================
+ Timing: 
    * Summary: 
    +--------+----------+-----------+------------+
    |  Clock |  Target  | Estimated | Uncertainty|
    +--------+----------+-----------+------------+
    |ap_clk  | 10.00 ns | 13.323 ns |   1.25 ns  |
    +--------+----------+-----------+------------+

+ Latency: 
    * Summary: 
    +---------+---------+----------+----------+-----+-------+---------+
    |  Latency (cycles) |  Latency (absolute) |   Interval  | Pipeline|
    |   min   |   max   |    min   |    max   | min |  max  |   Type  |
    +---------+---------+----------+----------+-----+-------+---------+
    |       12|    30072| 0.160 us | 0.401 ms |   12|  30072|   none  |
    +---------+---------+----------+----------+-----+-------+---------+

    + Detail: 
        * Instance: 
        N/A

        * Loop: 
        +--------------+---------+---------+-----------+-----------+-----------+----------+----------+
        |              |  Latency (cycles) | Iteration |  Initiation Interval  |   Trip   |          |
        |   Loop Name  |   min   |   max   |  Latency  |  achieved |   target  |   Count  | Pipelined|
        +--------------+---------+---------+-----------+-----------+-----------+----------+----------+
        |- Loop 1      |       10|    30070| 10 ~ 3007 |          -|          -|  1 ~ 10  |    no    |
        | + L_L_Inner  |        7|     3004|          8|          3|          1| 1 ~ 1000 |    yes   |
        +--------------+---------+---------+-----------+-----------+-----------+----------+----------+

============================================================
+ Verbose Summary: Synthesis Manager
============================================================
InlineROM: 1
ExposeGlobal: 0
============================================================
+ Verbose Summary: CDFG Model
============================================================
IsTopModel: 0
ResetActiveHigh: 1
IsCombinational: 2
IsDatapathOnly: 0
HasWiredReturn: 1
HasMFsm: 0
HasVarLatency: 1
IsPipeline: 0
IsRtlPipelined: 0
IsInstanceOverlapped: 0
IsDontTouch: 0
HasImplIP: 0
IsGatedGlobalClock: 0

+ Individual pipeline summary: 
  * Pipeline-0: initiation interval (II) = 3, depth = 8


============================================================
+ Verbose Summary: Schedule
============================================================
* Number of FSM states : 12
* Pipeline : 1
  Pipeline-0 : II = 3, D = 8, States = { 4 5 6 7 8 9 10 11 }
* Dataflow Pipeline: 0

* FSM state transitions: 
1 --> 2 
2 --> 3 
3 --> 4 
4 --> 12 5 
5 --> 6 
6 --> 7 
7 --> 8 
8 --> 9 
9 --> 10 
10 --> 11 
11 --> 4 
12 --> 3 

* FSM state operations: 

State 1 <SV = 0> <Delay = 3.67>
ST_1 : Operation 13 [1/1] (1.83ns)   --->   "%row_read = call i32 @_ssdm_op_Read.ap_fifo.i32P(i32* %row)" [conv_v1.cpp:114->conv_v1.cpp:207]   --->   Operation 13 'read' 'row_read' <Predicate = true> <Delay = 1.83> <Core = "FIFO">   --->   Core 32 'FIFO' <Latency = 0> <II = 1> <Delay = 1.83> <Storage> <Opcode : 'read' 'write' 'nbread' 'nbwrite'> <Ports = 0> <Width = 32> <Depth = 2> <FIFO>
ST_1 : Operation 14 [1/1] (1.83ns)   --->   "%add_ln207_1_loc_read = call i32 @_ssdm_op_Read.ap_fifo.i32P(i32* %add_ln207_1_loc)" [conv_v1.cpp:207]   --->   Operation 14 'read' 'add_ln207_1_loc_read' <Predicate = true> <Delay = 1.83> <Core = "FIFO">   --->   Core 32 'FIFO' <Latency = 0> <II = 1> <Delay = 1.83> <Storage> <Opcode : 'read' 'write' 'nbread' 'nbwrite'> <Ports = 0> <Width = 32> <Depth = 2> <FIFO>
ST_1 : Operation 15 [1/1] (1.83ns)   --->   "%p_c_read = call i32 @_ssdm_op_Read.ap_fifo.i32P(i32* %p_c_s)" [conv_v1.cpp:119->conv_v1.cpp:207]   --->   Operation 15 'read' 'p_c_read' <Predicate = true> <Delay = 1.83> <Core = "FIFO">   --->   Core 32 'FIFO' <Latency = 0> <II = 1> <Delay = 1.83> <Storage> <Opcode : 'read' 'write' 'nbread' 'nbwrite'> <Ports = 0> <Width = 32> <Depth = 2> <FIFO>
ST_1 : Operation 16 [1/1] (1.83ns)   --->   "%p_chin_read = call i32 @_ssdm_op_Read.ap_fifo.i32P(i32* %p_chin_s)" [conv_v1.cpp:122->conv_v1.cpp:207]   --->   Operation 16 'read' 'p_chin_read' <Predicate = true> <Delay = 1.83> <Core = "FIFO">   --->   Core 32 'FIFO' <Latency = 0> <II = 1> <Delay = 1.83> <Storage> <Opcode : 'read' 'write' 'nbread' 'nbwrite'> <Ports = 0> <Width = 32> <Depth = 2> <FIFO>
ST_1 : Operation 17 [1/1] (1.83ns)   --->   "%p_chout_read = call i32 @_ssdm_op_Read.ap_fifo.i32P(i32* %p_chout_s)" [conv_v1.cpp:130->conv_v1.cpp:207]   --->   Operation 17 'read' 'p_chout_read' <Predicate = true> <Delay = 1.83> <Core = "FIFO">   --->   Core 32 'FIFO' <Latency = 0> <II = 1> <Delay = 1.83> <Storage> <Opcode : 'read' 'write' 'nbread' 'nbwrite'> <Ports = 0> <Width = 32> <Depth = 2> <FIFO>
ST_1 : Operation 18 [1/1] (1.83ns)   --->   "%p_k_read = call i32 @_ssdm_op_Read.ap_fifo.i32P(i32* %p_k_s)" [conv_v1.cpp:124->conv_v1.cpp:207]   --->   Operation 18 'read' 'p_k_read' <Predicate = true> <Delay = 1.83> <Core = "FIFO">   --->   Core 32 'FIFO' <Latency = 0> <II = 1> <Delay = 1.83> <Storage> <Opcode : 'read' 'write' 'nbread' 'nbwrite'> <Ports = 0> <Width = 32> <Depth = 2> <FIFO>
ST_1 : Operation 19 [1/1] (1.83ns)   --->   "%p_r_read = call i32 @_ssdm_op_Read.ap_fifo.i32P(i32* %p_r_s)" [conv_v1.cpp:130->conv_v1.cpp:207]   --->   Operation 19 'read' 'p_r_read' <Predicate = true> <Delay = 1.83> <Core = "FIFO">   --->   Core 32 'FIFO' <Latency = 0> <II = 1> <Delay = 1.83> <Storage> <Opcode : 'read' 'write' 'nbread' 'nbwrite'> <Ports = 0> <Width = 32> <Depth = 2> <FIFO>
ST_1 : Operation 20 [1/1] (1.83ns)   --->   "call void @_ssdm_op_Write.ap_fifo.i32P(i32* %row_out, i32 %row_read)" [conv_v1.cpp:114->conv_v1.cpp:207]   --->   Operation 20 'write' <Predicate = true> <Delay = 1.83> <Core = "FIFO">   --->   Core 32 'FIFO' <Latency = 0> <II = 1> <Delay = 1.83> <Storage> <Opcode : 'read' 'write' 'nbread' 'nbwrite'> <Ports = 0> <Width = 32> <Depth = 2> <FIFO>
ST_1 : Operation 21 [1/1] (1.83ns)   --->   "call void @_ssdm_op_Write.ap_fifo.i32P(i32* %add_ln207_1_loc_out, i32 %add_ln207_1_loc_read)" [conv_v1.cpp:207]   --->   Operation 21 'write' <Predicate = true> <Delay = 1.83> <Core = "FIFO">   --->   Core 32 'FIFO' <Latency = 0> <II = 1> <Delay = 1.83> <Storage> <Opcode : 'read' 'write' 'nbread' 'nbwrite'> <Ports = 0> <Width = 32> <Depth = 2> <FIFO>
ST_1 : Operation 22 [1/1] (1.83ns)   --->   "call void @_ssdm_op_Write.ap_fifo.i32P(i32* %p_c_out, i32 %p_c_read)" [conv_v1.cpp:119->conv_v1.cpp:207]   --->   Operation 22 'write' <Predicate = true> <Delay = 1.83> <Core = "FIFO">   --->   Core 32 'FIFO' <Latency = 0> <II = 1> <Delay = 1.83> <Storage> <Opcode : 'read' 'write' 'nbread' 'nbwrite'> <Ports = 0> <Width = 32> <Depth = 2> <FIFO>
ST_1 : Operation 23 [1/1] (1.83ns)   --->   "call void @_ssdm_op_Write.ap_fifo.i32P(i32* %p_c_out1, i32 %p_c_read)" [conv_v1.cpp:119->conv_v1.cpp:207]   --->   Operation 23 'write' <Predicate = true> <Delay = 1.83> <Core = "FIFO">   --->   Core 32 'FIFO' <Latency = 0> <II = 1> <Delay = 1.83> <Storage> <Opcode : 'read' 'write' 'nbread' 'nbwrite'> <Ports = 0> <Width = 32> <Depth = 2> <FIFO>
ST_1 : Operation 24 [1/1] (1.83ns)   --->   "call void @_ssdm_op_Write.ap_fifo.i32P(i32* %p_chin_out, i32 %p_chin_read)" [conv_v1.cpp:122->conv_v1.cpp:207]   --->   Operation 24 'write' <Predicate = true> <Delay = 1.83> <Core = "FIFO">   --->   Core 32 'FIFO' <Latency = 0> <II = 1> <Delay = 1.83> <Storage> <Opcode : 'read' 'write' 'nbread' 'nbwrite'> <Ports = 0> <Width = 32> <Depth = 2> <FIFO>
ST_1 : Operation 25 [1/1] (1.83ns)   --->   "call void @_ssdm_op_Write.ap_fifo.i32P(i32* %p_chin_out2, i32 %p_chin_read)" [conv_v1.cpp:122->conv_v1.cpp:207]   --->   Operation 25 'write' <Predicate = true> <Delay = 1.83> <Core = "FIFO">   --->   Core 32 'FIFO' <Latency = 0> <II = 1> <Delay = 1.83> <Storage> <Opcode : 'read' 'write' 'nbread' 'nbwrite'> <Ports = 0> <Width = 32> <Depth = 2> <FIFO>
ST_1 : Operation 26 [1/1] (1.83ns)   --->   "call void @_ssdm_op_Write.ap_fifo.i32P(i32* %p_chout_out, i32 %p_chout_read)" [conv_v1.cpp:130->conv_v1.cpp:207]   --->   Operation 26 'write' <Predicate = true> <Delay = 1.83> <Core = "FIFO">   --->   Core 32 'FIFO' <Latency = 0> <II = 1> <Delay = 1.83> <Storage> <Opcode : 'read' 'write' 'nbread' 'nbwrite'> <Ports = 0> <Width = 32> <Depth = 2> <FIFO>
ST_1 : Operation 27 [1/1] (1.83ns)   --->   "call void @_ssdm_op_Write.ap_fifo.i32P(i32* %p_chout_out3, i32 %p_chout_read)" [conv_v1.cpp:130->conv_v1.cpp:207]   --->   Operation 27 'write' <Predicate = true> <Delay = 1.83> <Core = "FIFO">   --->   Core 32 'FIFO' <Latency = 0> <II = 1> <Delay = 1.83> <Storage> <Opcode : 'read' 'write' 'nbread' 'nbwrite'> <Ports = 0> <Width = 32> <Depth = 2> <FIFO>
ST_1 : Operation 28 [1/1] (1.83ns)   --->   "call void @_ssdm_op_Write.ap_fifo.i32P(i32* %p_k_out, i32 %p_k_read)" [conv_v1.cpp:124->conv_v1.cpp:207]   --->   Operation 28 'write' <Predicate = true> <Delay = 1.83> <Core = "FIFO">   --->   Core 32 'FIFO' <Latency = 0> <II = 1> <Delay = 1.83> <Storage> <Opcode : 'read' 'write' 'nbread' 'nbwrite'> <Ports = 0> <Width = 32> <Depth = 2> <FIFO>
ST_1 : Operation 29 [1/1] (1.83ns)   --->   "call void @_ssdm_op_Write.ap_fifo.i32P(i32* %p_k_out4, i32 %p_k_read)" [conv_v1.cpp:124->conv_v1.cpp:207]   --->   Operation 29 'write' <Predicate = true> <Delay = 1.83> <Core = "FIFO">   --->   Core 32 'FIFO' <Latency = 0> <II = 1> <Delay = 1.83> <Storage> <Opcode : 'read' 'write' 'nbread' 'nbwrite'> <Ports = 0> <Width = 32> <Depth = 2> <FIFO>
ST_1 : Operation 30 [1/1] (1.83ns)   --->   "call void @_ssdm_op_Write.ap_fifo.i32P(i32* %p_r_out, i32 %p_r_read)" [conv_v1.cpp:130->conv_v1.cpp:207]   --->   Operation 30 'write' <Predicate = true> <Delay = 1.83> <Core = "FIFO">   --->   Core 32 'FIFO' <Latency = 0> <II = 1> <Delay = 1.83> <Storage> <Opcode : 'read' 'write' 'nbread' 'nbwrite'> <Ports = 0> <Width = 32> <Depth = 2> <FIFO>
ST_1 : Operation 31 [1/1] (1.83ns)   --->   "call void @_ssdm_op_Write.ap_fifo.i32P(i32* %p_r_out5, i32 %p_r_read)" [conv_v1.cpp:130->conv_v1.cpp:207]   --->   Operation 31 'write' <Predicate = true> <Delay = 1.83> <Core = "FIFO">   --->   Core 32 'FIFO' <Latency = 0> <II = 1> <Delay = 1.83> <Storage> <Opcode : 'read' 'write' 'nbread' 'nbwrite'> <Ports = 0> <Width = 32> <Depth = 2> <FIFO>
ST_1 : Operation 32 [1/1] (0.99ns)   --->   "%icmp_ln130 = icmp sgt i32 %p_r_read, %row_read" [conv_v1.cpp:130->conv_v1.cpp:207]   --->   Operation 32 'icmp' 'icmp_ln130' <Predicate = true> <Delay = 0.99> <Core = "Cmp">   --->   Core 25 'Cmp' <Latency = 0> <II = 1> <Delay = 1.21> <FuncUnit> <Opcode : 'icmp'> <InPorts = 2> <OutPorts = 1>
ST_1 : Operation 33 [1/1] (0.99ns)   --->   "%icmp_ln130_14 = icmp sgt i32 %p_chout_read, %add_ln207_1_loc_read" [conv_v1.cpp:130->conv_v1.cpp:207]   --->   Operation 33 'icmp' 'icmp_ln130_14' <Predicate = true> <Delay = 0.99> <Core = "Cmp">   --->   Core 25 'Cmp' <Latency = 0> <II = 1> <Delay = 1.21> <FuncUnit> <Opcode : 'icmp'> <InPorts = 2> <OutPorts = 1>
ST_1 : Operation 34 [1/1] (0.28ns)   --->   "%and_ln130 = and i1 %icmp_ln130, %icmp_ln130_14" [conv_v1.cpp:130->conv_v1.cpp:207]   --->   Operation 34 'and' 'and_ln130' <Predicate = true> <Delay = 0.28> <Core = "LogicGate">   --->   Core 27 'LogicGate' <Latency = 0> <II = 1> <Delay = 0.28> <FuncUnit> <Opcode : 'and' 'or' 'xor'> <InPorts = 2> <OutPorts = 1>

State 2 <SV = 1> <Delay = 7.95>
ST_2 : Operation 35 [1/1] (0.00ns)   --->   "call void (...)* @_ssdm_op_SpecInterface(float* %O_inter_0_2, [8 x i8]* @ap_fifo_str, i32 0, i32 0, [1 x i8]* @p_str, i32 0, i32 0, [1 x i8]* @p_str, [1 x i8]* @p_str, [1 x i8]* @p_str, i32 2, i32 2, i32 16, i32 16, [1 x i8]* @p_str, [1 x i8]* @p_str)"   --->   Operation 35 'specinterface' <Predicate = true> <Delay = 0.00>
ST_2 : Operation 36 [1/1] (0.00ns)   --->   "call void (...)* @_ssdm_op_SpecInterface(float* %W_inter_1_2, [8 x i8]* @ap_fifo_str, i32 0, i32 0, [1 x i8]* @p_str, i32 0, i32 0, [1 x i8]* @p_str, [1 x i8]* @p_str, [1 x i8]* @p_str, i32 2, i32 2, i32 16, i32 16, [1 x i8]* @p_str, [1 x i8]* @p_str)"   --->   Operation 36 'specinterface' <Predicate = true> <Delay = 0.00>
ST_2 : Operation 37 [1/1] (0.00ns)   --->   "call void (...)* @_ssdm_op_SpecInterface(float* %W_inter_0_2, [8 x i8]* @ap_fifo_str, i32 0, i32 0, [1 x i8]* @p_str, i32 0, i32 0, [1 x i8]* @p_str, [1 x i8]* @p_str, [1 x i8]* @p_str, i32 2, i32 2, i32 16, i32 16, [1 x i8]* @p_str, [1 x i8]* @p_str)"   --->   Operation 37 'specinterface' <Predicate = true> <Delay = 0.00>
ST_2 : Operation 38 [1/1] (0.00ns)   --->   "call void (...)* @_ssdm_op_SpecInterface(float* %In_inter_0_3, [8 x i8]* @ap_fifo_str, i32 0, i32 0, [1 x i8]* @p_str, i32 0, i32 0, [1 x i8]* @p_str, [1 x i8]* @p_str, [1 x i8]* @p_str, i32 2, i32 2, i32 16, i32 16, [1 x i8]* @p_str, [1 x i8]* @p_str)"   --->   Operation 38 'specinterface' <Predicate = true> <Delay = 0.00>
ST_2 : Operation 39 [1/1] (0.00ns)   --->   "call void (...)* @_ssdm_op_SpecInterface(float* %In_inter_0_2, [8 x i8]* @ap_fifo_str, i32 0, i32 0, [1 x i8]* @p_str, i32 0, i32 0, [1 x i8]* @p_str, [1 x i8]* @p_str, [1 x i8]* @p_str, i32 2, i32 2, i32 16, i32 16, [1 x i8]* @p_str, [1 x i8]* @p_str)"   --->   Operation 39 'specinterface' <Predicate = true> <Delay = 0.00>
ST_2 : Operation 40 [1/1] (0.00ns)   --->   "call void (...)* @_ssdm_op_SpecInterface(i32* %p_r_s, [8 x i8]* @ap_fifo_str, i32 0, i32 0, [1 x i8]* @p_str, i32 0, i32 0, [1 x i8]* @p_str, [1 x i8]* @p_str, [1 x i8]* @p_str, i32 2, i32 2, i32 16, i32 16, [1 x i8]* @p_str, [11 x i8]* @ScalarProp_str)"   --->   Operation 40 'specinterface' <Predicate = true> <Delay = 0.00>
ST_2 : Operation 41 [1/1] (0.00ns)   --->   "call void (...)* @_ssdm_op_SpecInterface(i32* %p_k_s, [8 x i8]* @ap_fifo_str, i32 0, i32 0, [1 x i8]* @p_str, i32 0, i32 0, [1 x i8]* @p_str, [1 x i8]* @p_str, [1 x i8]* @p_str, i32 2, i32 2, i32 16, i32 16, [1 x i8]* @p_str, [11 x i8]* @ScalarProp_str)"   --->   Operation 41 'specinterface' <Predicate = true> <Delay = 0.00>
ST_2 : Operation 42 [1/1] (0.00ns)   --->   "call void (...)* @_ssdm_op_SpecInterface(i32* %p_chout_s, [8 x i8]* @ap_fifo_str, i32 0, i32 0, [1 x i8]* @p_str, i32 0, i32 0, [1 x i8]* @p_str, [1 x i8]* @p_str, [1 x i8]* @p_str, i32 2, i32 2, i32 16, i32 16, [1 x i8]* @p_str, [11 x i8]* @ScalarProp_str)"   --->   Operation 42 'specinterface' <Predicate = true> <Delay = 0.00>
ST_2 : Operation 43 [1/1] (0.00ns)   --->   "call void (...)* @_ssdm_op_SpecInterface(i32* %p_chin_s, [8 x i8]* @ap_fifo_str, i32 0, i32 0, [1 x i8]* @p_str, i32 0, i32 0, [1 x i8]* @p_str, [1 x i8]* @p_str, [1 x i8]* @p_str, i32 2, i32 2, i32 16, i32 16, [1 x i8]* @p_str, [11 x i8]* @ScalarProp_str)"   --->   Operation 43 'specinterface' <Predicate = true> <Delay = 0.00>
ST_2 : Operation 44 [1/1] (0.00ns)   --->   "call void (...)* @_ssdm_op_SpecInterface(i32* %p_c_s, [8 x i8]* @ap_fifo_str, i32 0, i32 0, [1 x i8]* @p_str, i32 0, i32 0, [1 x i8]* @p_str, [1 x i8]* @p_str, [1 x i8]* @p_str, i32 2, i32 2, i32 16, i32 16, [1 x i8]* @p_str, [11 x i8]* @ScalarProp_str)"   --->   Operation 44 'specinterface' <Predicate = true> <Delay = 0.00>
ST_2 : Operation 45 [1/1] (0.00ns)   --->   "call void (...)* @_ssdm_op_SpecInterface(i32* %add_ln207_1_loc, [8 x i8]* @ap_fifo_str, i32 0, i32 0, [1 x i8]* @p_str, i32 0, i32 0, [1 x i8]* @p_str, [1 x i8]* @p_str, [1 x i8]* @p_str, i32 2, i32 2, i32 16, i32 16, [1 x i8]* @p_str, [11 x i8]* @ScalarProp_str)"   --->   Operation 45 'specinterface' <Predicate = true> <Delay = 0.00>
ST_2 : Operation 46 [1/1] (0.00ns)   --->   "call void (...)* @_ssdm_op_SpecInterface(i32* %row, [8 x i8]* @ap_fifo_str, i32 0, i32 0, [1 x i8]* @p_str, i32 0, i32 0, [1 x i8]* @p_str, [1 x i8]* @p_str, [1 x i8]* @p_str, i32 2, i32 2, i32 16, i32 16, [1 x i8]* @p_str, [11 x i8]* @ScalarProp_str)"   --->   Operation 46 'specinterface' <Predicate = true> <Delay = 0.00>
ST_2 : Operation 47 [1/1] (0.00ns)   --->   "call void (...)* @_ssdm_op_SpecInterface(i32* %row_out, [8 x i8]* @ap_fifo_str, i32 0, i32 0, [1 x i8]* @p_str, i32 0, i32 0, [1 x i8]* @p_str, [1 x i8]* @p_str, [1 x i8]* @p_str, i32 2, i32 2, i32 16, i32 16, [1 x i8]* @p_str, [11 x i8]* @ScalarProp_str)"   --->   Operation 47 'specinterface' <Predicate = true> <Delay = 0.00>
ST_2 : Operation 48 [1/1] (0.00ns)   --->   "call void (...)* @_ssdm_op_SpecInterface(i32* %add_ln207_1_loc_out, [8 x i8]* @ap_fifo_str, i32 0, i32 0, [1 x i8]* @p_str, i32 0, i32 0, [1 x i8]* @p_str, [1 x i8]* @p_str, [1 x i8]* @p_str, i32 2, i32 2, i32 16, i32 16, [1 x i8]* @p_str, [11 x i8]* @ScalarProp_str)"   --->   Operation 48 'specinterface' <Predicate = true> <Delay = 0.00>
ST_2 : Operation 49 [1/1] (0.00ns)   --->   "call void (...)* @_ssdm_op_SpecInterface(i32* %p_c_out, [8 x i8]* @ap_fifo_str, i32 0, i32 0, [1 x i8]* @p_str, i32 0, i32 0, [1 x i8]* @p_str, [1 x i8]* @p_str, [1 x i8]* @p_str, i32 2, i32 2, i32 16, i32 16, [1 x i8]* @p_str, [11 x i8]* @ScalarProp_str)"   --->   Operation 49 'specinterface' <Predicate = true> <Delay = 0.00>
ST_2 : Operation 50 [1/1] (0.00ns)   --->   "call void (...)* @_ssdm_op_SpecInterface(i32* %p_c_out1, [8 x i8]* @ap_fifo_str, i32 0, i32 0, [1 x i8]* @p_str, i32 0, i32 0, [1 x i8]* @p_str, [1 x i8]* @p_str, [1 x i8]* @p_str, i32 2, i32 2, i32 16, i32 16, [1 x i8]* @p_str, [11 x i8]* @ScalarProp_str)"   --->   Operation 50 'specinterface' <Predicate = true> <Delay = 0.00>
ST_2 : Operation 51 [1/1] (0.00ns)   --->   "call void (...)* @_ssdm_op_SpecInterface(i32* %p_chin_out, [8 x i8]* @ap_fifo_str, i32 0, i32 0, [1 x i8]* @p_str, i32 0, i32 0, [1 x i8]* @p_str, [1 x i8]* @p_str, [1 x i8]* @p_str, i32 2, i32 2, i32 16, i32 16, [1 x i8]* @p_str, [11 x i8]* @ScalarProp_str)"   --->   Operation 51 'specinterface' <Predicate = true> <Delay = 0.00>
ST_2 : Operation 52 [1/1] (0.00ns)   --->   "call void (...)* @_ssdm_op_SpecInterface(i32* %p_chin_out2, [8 x i8]* @ap_fifo_str, i32 0, i32 0, [1 x i8]* @p_str, i32 0, i32 0, [1 x i8]* @p_str, [1 x i8]* @p_str, [1 x i8]* @p_str, i32 2, i32 2, i32 16, i32 16, [1 x i8]* @p_str, [11 x i8]* @ScalarProp_str)"   --->   Operation 52 'specinterface' <Predicate = true> <Delay = 0.00>
ST_2 : Operation 53 [1/1] (0.00ns)   --->   "call void (...)* @_ssdm_op_SpecInterface(i32* %p_chout_out, [8 x i8]* @ap_fifo_str, i32 0, i32 0, [1 x i8]* @p_str, i32 0, i32 0, [1 x i8]* @p_str, [1 x i8]* @p_str, [1 x i8]* @p_str, i32 2, i32 2, i32 16, i32 16, [1 x i8]* @p_str, [11 x i8]* @ScalarProp_str)"   --->   Operation 53 'specinterface' <Predicate = true> <Delay = 0.00>
ST_2 : Operation 54 [1/1] (0.00ns)   --->   "call void (...)* @_ssdm_op_SpecInterface(i32* %p_chout_out3, [8 x i8]* @ap_fifo_str, i32 0, i32 0, [1 x i8]* @p_str, i32 0, i32 0, [1 x i8]* @p_str, [1 x i8]* @p_str, [1 x i8]* @p_str, i32 2, i32 2, i32 16, i32 16, [1 x i8]* @p_str, [11 x i8]* @ScalarProp_str)"   --->   Operation 54 'specinterface' <Predicate = true> <Delay = 0.00>
ST_2 : Operation 55 [1/1] (0.00ns)   --->   "call void (...)* @_ssdm_op_SpecInterface(i32* %p_k_out, [8 x i8]* @ap_fifo_str, i32 0, i32 0, [1 x i8]* @p_str, i32 0, i32 0, [1 x i8]* @p_str, [1 x i8]* @p_str, [1 x i8]* @p_str, i32 2, i32 2, i32 16, i32 16, [1 x i8]* @p_str, [11 x i8]* @ScalarProp_str)"   --->   Operation 55 'specinterface' <Predicate = true> <Delay = 0.00>
ST_2 : Operation 56 [1/1] (0.00ns)   --->   "call void (...)* @_ssdm_op_SpecInterface(i32* %p_k_out4, [8 x i8]* @ap_fifo_str, i32 0, i32 0, [1 x i8]* @p_str, i32 0, i32 0, [1 x i8]* @p_str, [1 x i8]* @p_str, [1 x i8]* @p_str, i32 2, i32 2, i32 16, i32 16, [1 x i8]* @p_str, [11 x i8]* @ScalarProp_str)"   --->   Operation 56 'specinterface' <Predicate = true> <Delay = 0.00>
ST_2 : Operation 57 [1/1] (0.00ns)   --->   "call void (...)* @_ssdm_op_SpecInterface(i32* %p_r_out, [8 x i8]* @ap_fifo_str, i32 0, i32 0, [1 x i8]* @p_str, i32 0, i32 0, [1 x i8]* @p_str, [1 x i8]* @p_str, [1 x i8]* @p_str, i32 2, i32 2, i32 16, i32 16, [1 x i8]* @p_str, [11 x i8]* @ScalarProp_str)"   --->   Operation 57 'specinterface' <Predicate = true> <Delay = 0.00>
ST_2 : Operation 58 [1/1] (0.00ns)   --->   "call void (...)* @_ssdm_op_SpecInterface(i32* %p_r_out5, [8 x i8]* @ap_fifo_str, i32 0, i32 0, [1 x i8]* @p_str, i32 0, i32 0, [1 x i8]* @p_str, [1 x i8]* @p_str, [1 x i8]* @p_str, i32 2, i32 2, i32 16, i32 16, [1 x i8]* @p_str, [11 x i8]* @ScalarProp_str)"   --->   Operation 58 'specinterface' <Predicate = true> <Delay = 0.00>
ST_2 : Operation 59 [1/1] (0.00ns)   --->   "%cast = zext i32 %p_k_read to i64" [conv_v1.cpp:124->conv_v1.cpp:207]   --->   Operation 59 'zext' 'cast' <Predicate = true> <Delay = 0.00>
ST_2 : Operation 60 [1/1] (3.42ns)   --->   "%bound = mul i64 %cast, %cast" [conv_v1.cpp:124->conv_v1.cpp:207]   --->   Operation 60 'mul' 'bound' <Predicate = true> <Delay = 3.42> <Core = "Mul">   --->   Core 16 'Mul' <Latency = 0> <II = 1> <Delay = 4.53> <FuncUnit> <Opcode : 'mul'> <InPorts = 2> <OutPorts = 1>
ST_2 : Operation 61 [1/1] (0.00ns)   --->   "%cast2 = zext i32 %p_chin_read to i96" [conv_v1.cpp:122->conv_v1.cpp:207]   --->   Operation 61 'zext' 'cast2' <Predicate = true> <Delay = 0.00>
ST_2 : Operation 62 [1/1] (0.00ns)   --->   "%cast3 = zext i64 %bound to i96" [conv_v1.cpp:124->conv_v1.cpp:207]   --->   Operation 62 'zext' 'cast3' <Predicate = true> <Delay = 0.00>
ST_2 : Operation 63 [1/1] (4.53ns)   --->   "%bound4 = mul i96 %cast3, %cast2" [conv_v1.cpp:124->conv_v1.cpp:207]   --->   Operation 63 'mul' 'bound4' <Predicate = true> <Delay = 4.53> <Core = "Mul">   --->   Core 16 'Mul' <Latency = 0> <II = 1> <Delay = 4.53> <FuncUnit> <Opcode : 'mul'> <InPorts = 2> <OutPorts = 1>
ST_2 : Operation 64 [1/1] (0.65ns)   --->   "br label %0" [conv_v1.cpp:119->conv_v1.cpp:207]   --->   Operation 64 'br' <Predicate = true> <Delay = 0.65>

State 3 <SV = 2> <Delay = 1.27>
ST_3 : Operation 65 [1/1] (0.00ns)   --->   "%col_0_i_i_i = phi i31 [ 0, %entry ], [ %add_ln119, %hls_label_5_end ]" [conv_v1.cpp:119->conv_v1.cpp:207]   --->   Operation 65 'phi' 'col_0_i_i_i' <Predicate = true> <Delay = 0.00>
ST_3 : Operation 66 [1/1] (0.00ns)   --->   "%col_0_i_i_i_cast = zext i31 %col_0_i_i_i to i32" [conv_v1.cpp:119->conv_v1.cpp:207]   --->   Operation 66 'zext' 'col_0_i_i_i_cast' <Predicate = true> <Delay = 0.00>
ST_3 : Operation 67 [1/1] (0.99ns)   --->   "%icmp_ln119 = icmp slt i32 %col_0_i_i_i_cast, %p_c_read" [conv_v1.cpp:119->conv_v1.cpp:207]   --->   Operation 67 'icmp' 'icmp_ln119' <Predicate = true> <Delay = 0.99> <Core = "Cmp">   --->   Core 25 'Cmp' <Latency = 0> <II = 1> <Delay = 1.21> <FuncUnit> <Opcode : 'icmp'> <InPorts = 2> <OutPorts = 1>
ST_3 : Operation 68 [1/1] (1.00ns)   --->   "%add_ln119 = add i31 %col_0_i_i_i, 1" [conv_v1.cpp:119->conv_v1.cpp:207]   --->   Operation 68 'add' 'add_ln119' <Predicate = true> <Delay = 1.00> <Core = "AddSub">   --->   Core 14 'AddSub' <Latency = 0> <II = 1> <Delay = 1.33> <FuncUnit> <Opcode : 'add' 'sub'> <InPorts = 2> <OutPorts = 1>
ST_3 : Operation 69 [1/1] (0.00ns)   --->   "br i1 %icmp_ln119, label %hls_label_5_begin, label %.exit" [conv_v1.cpp:119->conv_v1.cpp:207]   --->   Operation 69 'br' <Predicate = true> <Delay = 0.00>
ST_3 : Operation 70 [1/1] (0.00ns)   --->   "%tmp_88_i_i_i = call i32 (...)* @_ssdm_op_SpecRegionBegin([12 x i8]* @p_str9)" [conv_v1.cpp:119->conv_v1.cpp:207]   --->   Operation 70 'specregionbegin' 'tmp_88_i_i_i' <Predicate = (icmp_ln119)> <Delay = 0.00>
ST_3 : Operation 71 [1/1] (0.00ns)   --->   "call void (...)* @_ssdm_op_SpecLoopTripCount(i32 1, i32 10, i32 5, [1 x i8]* @p_str) nounwind" [conv_v1.cpp:120->conv_v1.cpp:207]   --->   Operation 71 'speclooptripcount' <Predicate = (icmp_ln119)> <Delay = 0.00>
ST_3 : Operation 72 [1/1] (0.65ns)   --->   "br label %1" [conv_v1.cpp:122->conv_v1.cpp:207]   --->   Operation 72 'br' <Predicate = (icmp_ln119)> <Delay = 0.65>
ST_3 : Operation 73 [1/1] (0.00ns)   --->   "ret void"   --->   Operation 73 'ret' <Predicate = (!icmp_ln119)> <Delay = 0.00>

State 4 <SV = 3> <Delay = 6.43>
ST_4 : Operation 74 [1/1] (0.00ns)   --->   "%indvar_flatten13 = phi i96 [ 0, %hls_label_5_begin ], [ %add_ln122, %Inner ]" [conv_v1.cpp:122->conv_v1.cpp:207]   --->   Operation 74 'phi' 'indvar_flatten13' <Predicate = true> <Delay = 0.00>
ST_4 : Operation 75 [1/1] (0.00ns)   --->   "%tmp = phi float [ 0.000000e+00, %hls_label_5_begin ], [ %O_temp_14, %Inner ]"   --->   Operation 75 'phi' 'tmp' <Predicate = true> <Delay = 0.00>
ST_4 : Operation 76 [1/1] (1.21ns)   --->   "%icmp_ln122 = icmp eq i96 %indvar_flatten13, %bound4" [conv_v1.cpp:122->conv_v1.cpp:207]   --->   Operation 76 'icmp' 'icmp_ln122' <Predicate = true> <Delay = 1.21> <Core = "Cmp">   --->   Core 25 'Cmp' <Latency = 0> <II = 1> <Delay = 1.21> <FuncUnit> <Opcode : 'icmp'> <InPorts = 2> <OutPorts = 1>
ST_4 : Operation 77 [1/1] (1.33ns)   --->   "%add_ln122 = add i96 %indvar_flatten13, 1" [conv_v1.cpp:122->conv_v1.cpp:207]   --->   Operation 77 'add' 'add_ln122' <Predicate = true> <Delay = 1.33> <Core = "AddSub">   --->   Core 14 'AddSub' <Latency = 0> <II = 1> <Delay = 1.33> <FuncUnit> <Opcode : 'add' 'sub'> <InPorts = 2> <OutPorts = 1>
ST_4 : Operation 78 [1/1] (0.00ns)   --->   "br i1 %icmp_ln122, label %hls_label_5_end, label %Inner" [conv_v1.cpp:122->conv_v1.cpp:207]   --->   Operation 78 'br' <Predicate = true> <Delay = 0.00>

State 5 <SV = 4> <Delay = 3.67>
ST_5 : Operation 79 [1/1] (1.83ns)   --->   "%tmp_64 = call float @_ssdm_op_Read.ap_fifo.volatile.floatP(float* %W_inter_0_2)" [conv_v1.cpp:128->conv_v1.cpp:207]   --->   Operation 79 'read' 'tmp_64' <Predicate = (!icmp_ln122)> <Delay = 1.83> <Core = "FIFO">   --->   Core 32 'FIFO' <Latency = 0> <II = 1> <Delay = 1.83> <Storage> <Opcode : 'read' 'write' 'nbread' 'nbwrite'> <Ports = 0> <Width = 32> <Depth = 2> <FIFO>
ST_5 : Operation 80 [1/1] (1.83ns)   --->   "%tmp_63 = call float @_ssdm_op_Read.ap_fifo.volatile.floatP(float* %In_inter_0_2)" [conv_v1.cpp:129->conv_v1.cpp:207]   --->   Operation 80 'read' 'tmp_63' <Predicate = (!icmp_ln122)> <Delay = 1.83> <Core = "FIFO">   --->   Core 32 'FIFO' <Latency = 0> <II = 1> <Delay = 1.83> <Storage> <Opcode : 'read' 'write' 'nbread' 'nbwrite'> <Ports = 0> <Width = 32> <Depth = 2> <FIFO>
ST_5 : Operation 81 [1/1] (1.83ns)   --->   "call void @_ssdm_op_Write.ap_fifo.volatile.floatP(float* %In_inter_0_3, float %tmp_63)" [conv_v1.cpp:134->conv_v1.cpp:207]   --->   Operation 81 'write' <Predicate = (!icmp_ln122)> <Delay = 1.83> <Core = "FIFO">   --->   Core 32 'FIFO' <Latency = 0> <II = 1> <Delay = 1.83> <Storage> <Opcode : 'read' 'write' 'nbread' 'nbwrite'> <Ports = 0> <Width = 32> <Depth = 2> <FIFO>
ST_5 : Operation 82 [1/1] (1.83ns)   --->   "call void @_ssdm_op_Write.ap_fifo.volatile.floatP(float* %W_inter_1_2, float %tmp_64)" [conv_v1.cpp:135->conv_v1.cpp:207]   --->   Operation 82 'write' <Predicate = (!icmp_ln122)> <Delay = 1.83> <Core = "FIFO">   --->   Core 32 'FIFO' <Latency = 0> <II = 1> <Delay = 1.83> <Storage> <Opcode : 'read' 'write' 'nbread' 'nbwrite'> <Ports = 0> <Width = 32> <Depth = 2> <FIFO>

State 6 <SV = 5> <Delay = 8.41>
ST_6 : Operation 83 [2/2] (8.41ns)   --->   "%tmp_4_i_i_i = fmul float %tmp_63, %tmp_64" [conv_v1.cpp:131->conv_v1.cpp:207]   --->   Operation 83 'fmul' 'tmp_4_i_i_i' <Predicate = (!icmp_ln122 & and_ln130)> <Delay = 8.41> <Core = "FMul">   --->   Core 106 'FMul' <Latency = 1> <II = 1> <Delay = 8.41> <FuncUnit> <Opcode : 'fmul'> <InPorts = 2> <OutPorts = 1>

State 7 <SV = 6> <Delay = 8.41>
ST_7 : Operation 84 [1/2] (8.41ns)   --->   "%tmp_4_i_i_i = fmul float %tmp_63, %tmp_64" [conv_v1.cpp:131->conv_v1.cpp:207]   --->   Operation 84 'fmul' 'tmp_4_i_i_i' <Predicate = (!icmp_ln122 & and_ln130)> <Delay = 8.41> <Core = "FMul">   --->   Core 106 'FMul' <Latency = 1> <II = 1> <Delay = 8.41> <FuncUnit> <Opcode : 'fmul'> <InPorts = 2> <OutPorts = 1>

State 8 <SV = 7> <Delay = 6.43>
ST_8 : Operation 85 [4/4] (6.43ns)   --->   "%O_temp = fadd float %tmp, %tmp_4_i_i_i" [conv_v1.cpp:131->conv_v1.cpp:207]   --->   Operation 85 'fadd' 'O_temp' <Predicate = (!icmp_ln122 & and_ln130)> <Delay = 6.43> <Core = "FAddSub">   --->   Core 105 'FAddSub' <Latency = 3> <II = 1> <Delay = 6.43> <FuncUnit> <Opcode : 'fadd' 'fsub'> <InPorts = 2> <OutPorts = 1>

State 9 <SV = 8> <Delay = 6.43>
ST_9 : Operation 86 [3/4] (6.43ns)   --->   "%O_temp = fadd float %tmp, %tmp_4_i_i_i" [conv_v1.cpp:131->conv_v1.cpp:207]   --->   Operation 86 'fadd' 'O_temp' <Predicate = (!icmp_ln122 & and_ln130)> <Delay = 6.43> <Core = "FAddSub">   --->   Core 105 'FAddSub' <Latency = 3> <II = 1> <Delay = 6.43> <FuncUnit> <Opcode : 'fadd' 'fsub'> <InPorts = 2> <OutPorts = 1>

State 10 <SV = 9> <Delay = 6.43>
ST_10 : Operation 87 [2/4] (6.43ns)   --->   "%O_temp = fadd float %tmp, %tmp_4_i_i_i" [conv_v1.cpp:131->conv_v1.cpp:207]   --->   Operation 87 'fadd' 'O_temp' <Predicate = (!icmp_ln122 & and_ln130)> <Delay = 6.43> <Core = "FAddSub">   --->   Core 105 'FAddSub' <Latency = 3> <II = 1> <Delay = 6.43> <FuncUnit> <Opcode : 'fadd' 'fsub'> <InPorts = 2> <OutPorts = 1>

State 11 <SV = 10> <Delay = 13.3>
ST_11 : Operation 88 [1/1] (0.00ns)   --->   "call void (...)* @_ssdm_op_SpecLoopName([10 x i8]* @L_L_Inner_str)"   --->   Operation 88 'specloopname' <Predicate = (!icmp_ln122)> <Delay = 0.00>
ST_11 : Operation 89 [1/1] (0.00ns)   --->   "call void (...)* @_ssdm_op_SpecLoopTripCount(i64 1, i64 1000, i64 125)"   --->   Operation 89 'speclooptripcount' <Predicate = (!icmp_ln122)> <Delay = 0.00>
ST_11 : Operation 90 [1/1] (0.00ns)   --->   "call void (...)* @_ssdm_op_SpecLoopName([8 x i8]* @L_Inner_str)"   --->   Operation 90 'specloopname' <Predicate = (!icmp_ln122)> <Delay = 0.00>
ST_11 : Operation 91 [1/1] (0.00ns)   --->   "call void (...)* @_ssdm_op_SpecLoopName([6 x i8]* @p_str4) nounwind" [conv_v1.cpp:126->conv_v1.cpp:207]   --->   Operation 91 'specloopname' <Predicate = (!icmp_ln122)> <Delay = 0.00>
ST_11 : Operation 92 [1/1] (0.00ns)   --->   "%tmp_91_i_i_i = call i32 (...)* @_ssdm_op_SpecRegionBegin([6 x i8]* @p_str4)" [conv_v1.cpp:126->conv_v1.cpp:207]   --->   Operation 92 'specregionbegin' 'tmp_91_i_i_i' <Predicate = (!icmp_ln122)> <Delay = 0.00>
ST_11 : Operation 93 [1/1] (0.00ns)   --->   "call void (...)* @_ssdm_op_SpecPipeline(i32 -1, i32 1, i32 1, i32 0, [1 x i8]* @p_str) nounwind" [conv_v1.cpp:127->conv_v1.cpp:207]   --->   Operation 93 'specpipeline' <Predicate = (!icmp_ln122)> <Delay = 0.00>
ST_11 : Operation 94 [1/4] (6.43ns)   --->   "%O_temp = fadd float %tmp, %tmp_4_i_i_i" [conv_v1.cpp:131->conv_v1.cpp:207]   --->   Operation 94 'fadd' 'O_temp' <Predicate = (!icmp_ln122 & and_ln130)> <Delay = 6.43> <Core = "FAddSub">   --->   Core 105 'FAddSub' <Latency = 3> <II = 1> <Delay = 6.43> <FuncUnit> <Opcode : 'fadd' 'fsub'> <InPorts = 2> <OutPorts = 1>
ST_11 : Operation 95 [1/1] (0.44ns)   --->   "%O_temp_14 = select i1 %and_ln130, float %O_temp, float %tmp" [conv_v1.cpp:130->conv_v1.cpp:207]   --->   Operation 95 'select' 'O_temp_14' <Predicate = (!icmp_ln122)> <Delay = 0.44> <Core = "Sel">   --->   Core 26 'Sel' <Latency = 0> <II = 1> <Delay = 0.44> <FuncUnit> <Opcode : 'select'> <InPorts = 3> <OutPorts = 1>
ST_11 : Operation 96 [1/1] (0.00ns)   --->   "%empty = call i32 (...)* @_ssdm_op_SpecRegionEnd([6 x i8]* @p_str4, i32 %tmp_91_i_i_i)" [conv_v1.cpp:136->conv_v1.cpp:207]   --->   Operation 96 'specregionend' 'empty' <Predicate = (!icmp_ln122)> <Delay = 0.00>
ST_11 : Operation 97 [1/1] (0.00ns)   --->   "br label %1" [conv_v1.cpp:126->conv_v1.cpp:207]   --->   Operation 97 'br' <Predicate = (!icmp_ln122)> <Delay = 0.00>

State 12 <SV = 4> <Delay = 1.83>
ST_12 : Operation 98 [1/1] (1.83ns)   --->   "call void @_ssdm_op_Write.ap_fifo.volatile.floatP(float* %O_inter_0_2, float %tmp)" [conv_v1.cpp:139->conv_v1.cpp:207]   --->   Operation 98 'write' <Predicate = true> <Delay = 1.83> <Core = "FIFO">   --->   Core 32 'FIFO' <Latency = 0> <II = 1> <Delay = 1.83> <Storage> <Opcode : 'read' 'write' 'nbread' 'nbwrite'> <Ports = 0> <Width = 32> <Depth = 2> <FIFO>
ST_12 : Operation 99 [1/1] (0.00ns)   --->   "%empty_237 = call i32 (...)* @_ssdm_op_SpecRegionEnd([12 x i8]* @p_str9, i32 %tmp_88_i_i_i)" [conv_v1.cpp:142->conv_v1.cpp:207]   --->   Operation 99 'specregionend' 'empty_237' <Predicate = true> <Delay = 0.00>
ST_12 : Operation 100 [1/1] (0.00ns)   --->   "br label %0" [conv_v1.cpp:119->conv_v1.cpp:207]   --->   Operation 100 'br' <Predicate = true> <Delay = 0.00>


============================================================
+ Verbose Summary: Binding
============================================================
STG Binding: 
---------------- STG Properties BEGIN ----------------
- Is combinational: 0
- Is one-state seq: 0
- Is datapath-only: 0
- Is pipelined: 0
- Is top level: 0
Port [ Return ] is wired: 1; IO mode=ap_ctrl_hs:ce=0
Port [ W_inter_0_2]:  wired=1; compound=1; hidden=0; nouse=0; global=0; static=0; extern=0; dir=0; type=3; pingpong=0; private_global=0; IO mode=ap_fifo:ce=0
Port [ In_inter_0_2]:  wired=1; compound=1; hidden=0; nouse=0; global=0; static=0; extern=0; dir=0; type=3; pingpong=0; private_global=0; IO mode=ap_fifo:ce=0
Port [ W_inter_1_2]:  wired=1; compound=1; hidden=0; nouse=0; global=0; static=0; extern=0; dir=1; type=3; pingpong=0; private_global=0; IO mode=ap_fifo:ce=0
Port [ In_inter_0_3]:  wired=1; compound=1; hidden=0; nouse=0; global=0; static=0; extern=0; dir=1; type=3; pingpong=0; private_global=0; IO mode=ap_fifo:ce=0
Port [ row]:  wired=1; compound=1; hidden=0; nouse=0; global=0; static=0; extern=0; dir=0; type=3; pingpong=0; private_global=0; IO mode=ap_fifo:ce=0
Port [ add_ln207_1_loc]:  wired=1; compound=1; hidden=0; nouse=0; global=0; static=0; extern=0; dir=0; type=3; pingpong=0; private_global=0; IO mode=ap_fifo:ce=0
Port [ O_inter_0_2]:  wired=1; compound=1; hidden=0; nouse=0; global=0; static=0; extern=0; dir=1; type=3; pingpong=0; private_global=0; IO mode=ap_fifo:ce=0
Port [ p_c_s]:  wired=1; compound=1; hidden=0; nouse=0; global=0; static=0; extern=0; dir=0; type=3; pingpong=0; private_global=0; IO mode=ap_fifo:ce=0
Port [ p_chin_s]:  wired=1; compound=1; hidden=0; nouse=0; global=0; static=0; extern=0; dir=0; type=3; pingpong=0; private_global=0; IO mode=ap_fifo:ce=0
Port [ p_chout_s]:  wired=1; compound=1; hidden=0; nouse=0; global=0; static=0; extern=0; dir=0; type=3; pingpong=0; private_global=0; IO mode=ap_fifo:ce=0
Port [ p_k_s]:  wired=1; compound=1; hidden=0; nouse=0; global=0; static=0; extern=0; dir=0; type=3; pingpong=0; private_global=0; IO mode=ap_fifo:ce=0
Port [ p_r_s]:  wired=1; compound=1; hidden=0; nouse=0; global=0; static=0; extern=0; dir=0; type=3; pingpong=0; private_global=0; IO mode=ap_fifo:ce=0
Port [ row_out]:  wired=1; compound=1; hidden=0; nouse=0; global=0; static=0; extern=0; dir=1; type=3; pingpong=0; private_global=0; IO mode=ap_fifo:ce=0
Port [ add_ln207_1_loc_out]:  wired=1; compound=1; hidden=0; nouse=0; global=0; static=0; extern=0; dir=1; type=3; pingpong=0; private_global=0; IO mode=ap_fifo:ce=0
Port [ p_c_out]:  wired=1; compound=1; hidden=0; nouse=0; global=0; static=0; extern=0; dir=1; type=3; pingpong=0; private_global=0; IO mode=ap_fifo:ce=0
Port [ p_c_out1]:  wired=1; compound=1; hidden=0; nouse=0; global=0; static=0; extern=0; dir=1; type=3; pingpong=0; private_global=0; IO mode=ap_fifo:ce=0
Port [ p_chin_out]:  wired=1; compound=1; hidden=0; nouse=0; global=0; static=0; extern=0; dir=1; type=3; pingpong=0; private_global=0; IO mode=ap_fifo:ce=0
Port [ p_chin_out2]:  wired=1; compound=1; hidden=0; nouse=0; global=0; static=0; extern=0; dir=1; type=3; pingpong=0; private_global=0; IO mode=ap_fifo:ce=0
Port [ p_chout_out]:  wired=1; compound=1; hidden=0; nouse=0; global=0; static=0; extern=0; dir=1; type=3; pingpong=0; private_global=0; IO mode=ap_fifo:ce=0
Port [ p_chout_out3]:  wired=1; compound=1; hidden=0; nouse=0; global=0; static=0; extern=0; dir=1; type=3; pingpong=0; private_global=0; IO mode=ap_fifo:ce=0
Port [ p_k_out]:  wired=1; compound=1; hidden=0; nouse=0; global=0; static=0; extern=0; dir=1; type=3; pingpong=0; private_global=0; IO mode=ap_fifo:ce=0
Port [ p_k_out4]:  wired=1; compound=1; hidden=0; nouse=0; global=0; static=0; extern=0; dir=1; type=3; pingpong=0; private_global=0; IO mode=ap_fifo:ce=0
Port [ p_r_out]:  wired=1; compound=1; hidden=0; nouse=0; global=0; static=0; extern=0; dir=1; type=3; pingpong=0; private_global=0; IO mode=ap_fifo:ce=0
Port [ p_r_out5]:  wired=1; compound=1; hidden=0; nouse=0; global=0; static=0; extern=0; dir=1; type=3; pingpong=0; private_global=0; IO mode=ap_fifo:ce=0
---------------- STG Properties END ------------------

---------------- Datapath Model BEGIN ----------------

<LifeTime>
<method=bitvector/>
row_read                (read             ) [ 0000000000000]
add_ln207_1_loc_read    (read             ) [ 0000000000000]
p_c_read                (read             ) [ 0011111111111]
p_chin_read             (read             ) [ 0010000000000]
p_chout_read            (read             ) [ 0000000000000]
p_k_read                (read             ) [ 0010000000000]
p_r_read                (read             ) [ 0000000000000]
write_ln114             (write            ) [ 0000000000000]
write_ln207             (write            ) [ 0000000000000]
write_ln119             (write            ) [ 0000000000000]
write_ln119             (write            ) [ 0000000000000]
write_ln122             (write            ) [ 0000000000000]
write_ln122             (write            ) [ 0000000000000]
write_ln130             (write            ) [ 0000000000000]
write_ln130             (write            ) [ 0000000000000]
write_ln124             (write            ) [ 0000000000000]
write_ln124             (write            ) [ 0000000000000]
write_ln130             (write            ) [ 0000000000000]
write_ln130             (write            ) [ 0000000000000]
icmp_ln130              (icmp             ) [ 0000000000000]
icmp_ln130_14           (icmp             ) [ 0000000000000]
and_ln130               (and              ) [ 0011111111111]
specinterface_ln0       (specinterface    ) [ 0000000000000]
specinterface_ln0       (specinterface    ) [ 0000000000000]
specinterface_ln0       (specinterface    ) [ 0000000000000]
specinterface_ln0       (specinterface    ) [ 0000000000000]
specinterface_ln0       (specinterface    ) [ 0000000000000]
specinterface_ln0       (specinterface    ) [ 0000000000000]
specinterface_ln0       (specinterface    ) [ 0000000000000]
specinterface_ln0       (specinterface    ) [ 0000000000000]
specinterface_ln0       (specinterface    ) [ 0000000000000]
specinterface_ln0       (specinterface    ) [ 0000000000000]
specinterface_ln0       (specinterface    ) [ 0000000000000]
specinterface_ln0       (specinterface    ) [ 0000000000000]
specinterface_ln0       (specinterface    ) [ 0000000000000]
specinterface_ln0       (specinterface    ) [ 0000000000000]
specinterface_ln0       (specinterface    ) [ 0000000000000]
specinterface_ln0       (specinterface    ) [ 0000000000000]
specinterface_ln0       (specinterface    ) [ 0000000000000]
specinterface_ln0       (specinterface    ) [ 0000000000000]
specinterface_ln0       (specinterface    ) [ 0000000000000]
specinterface_ln0       (specinterface    ) [ 0000000000000]
specinterface_ln0       (specinterface    ) [ 0000000000000]
specinterface_ln0       (specinterface    ) [ 0000000000000]
specinterface_ln0       (specinterface    ) [ 0000000000000]
specinterface_ln0       (specinterface    ) [ 0000000000000]
cast                    (zext             ) [ 0000000000000]
bound                   (mul              ) [ 0000000000000]
cast2                   (zext             ) [ 0000000000000]
cast3                   (zext             ) [ 0000000000000]
bound4                  (mul              ) [ 0001111111111]
br_ln119                (br               ) [ 0011111111111]
col_0_i_i_i             (phi              ) [ 0001000000000]
col_0_i_i_i_cast        (zext             ) [ 0000000000000]
icmp_ln119              (icmp             ) [ 0001111111111]
add_ln119               (add              ) [ 0011111111111]
br_ln119                (br               ) [ 0000000000000]
tmp_88_i_i_i            (specregionbegin  ) [ 0000111111111]
speclooptripcount_ln120 (speclooptripcount) [ 0000000000000]
br_ln122                (br               ) [ 0001111111111]
ret_ln0                 (ret              ) [ 0000000000000]
indvar_flatten13        (phi              ) [ 0000100000000]
tmp                     (phi              ) [ 0000111111111]
icmp_ln122              (icmp             ) [ 0001111111111]
add_ln122               (add              ) [ 0001111111111]
br_ln122                (br               ) [ 0000000000000]
tmp_64                  (read             ) [ 0000101100000]
tmp_63                  (read             ) [ 0000101100000]
write_ln134             (write            ) [ 0000000000000]
write_ln135             (write            ) [ 0000000000000]
tmp_4_i_i_i             (fmul             ) [ 0000111011110]
specloopname_ln0        (specloopname     ) [ 0000000000000]
speclooptripcount_ln0   (speclooptripcount) [ 0000000000000]
specloopname_ln0        (specloopname     ) [ 0000000000000]
specloopname_ln126      (specloopname     ) [ 0000000000000]
tmp_91_i_i_i            (specregionbegin  ) [ 0000000000000]
specpipeline_ln127      (specpipeline     ) [ 0000000000000]
O_temp                  (fadd             ) [ 0000000000000]
O_temp_14               (select           ) [ 0001111111111]
empty                   (specregionend    ) [ 0000000000000]
br_ln126                (br               ) [ 0001111111111]
write_ln139             (write            ) [ 0000000000000]
empty_237               (specregionend    ) [ 0000000000000]
br_ln119                (br               ) [ 0011111111111]
</LifeTime>

<model>

<comp_list>
<comp id="0" class="1000" name="W_inter_0_2">
<pin_list>
<pin id="1" dir="1" index="0" bw="1" slack="0"/>
</pin_list>
<bind>
<StgValue><ssdm name="W_inter_0_2"/></StgValue>
</bind>
</comp>

<comp id="2" class="1000" name="In_inter_0_2">
<pin_list>
<pin id="3" dir="1" index="0" bw="1" slack="0"/>
</pin_list>
<bind>
<StgValue><ssdm name="In_inter_0_2"/></StgValue>
</bind>
</comp>

<comp id="4" class="1000" name="W_inter_1_2">
<pin_list>
<pin id="5" dir="1" index="0" bw="1" slack="0"/>
</pin_list>
<bind>
<StgValue><ssdm name="W_inter_1_2"/></StgValue>
</bind>
</comp>

<comp id="6" class="1000" name="In_inter_0_3">
<pin_list>
<pin id="7" dir="1" index="0" bw="1" slack="0"/>
</pin_list>
<bind>
<StgValue><ssdm name="In_inter_0_3"/></StgValue>
</bind>
</comp>

<comp id="8" class="1000" name="row">
<pin_list>
<pin id="9" dir="1" index="0" bw="1" slack="0"/>
</pin_list>
<bind>
<StgValue><ssdm name="row"/></StgValue>
</bind>
</comp>

<comp id="10" class="1000" name="add_ln207_1_loc">
<pin_list>
<pin id="11" dir="1" index="0" bw="1" slack="0"/>
</pin_list>
<bind>
<StgValue><ssdm name="add_ln207_1_loc"/></StgValue>
</bind>
</comp>

<comp id="12" class="1000" name="O_inter_0_2">
<pin_list>
<pin id="13" dir="1" index="0" bw="1" slack="0"/>
</pin_list>
<bind>
<StgValue><ssdm name="O_inter_0_2"/></StgValue>
</bind>
</comp>

<comp id="14" class="1000" name="p_c_s">
<pin_list>
<pin id="15" dir="1" index="0" bw="1" slack="0"/>
</pin_list>
<bind>
<StgValue><ssdm name="p_c_s"/></StgValue>
</bind>
</comp>

<comp id="16" class="1000" name="p_chin_s">
<pin_list>
<pin id="17" dir="1" index="0" bw="1" slack="0"/>
</pin_list>
<bind>
<StgValue><ssdm name="p_chin_s"/></StgValue>
</bind>
</comp>

<comp id="18" class="1000" name="p_chout_s">
<pin_list>
<pin id="19" dir="1" index="0" bw="1" slack="0"/>
</pin_list>
<bind>
<StgValue><ssdm name="p_chout_s"/></StgValue>
</bind>
</comp>

<comp id="20" class="1000" name="p_k_s">
<pin_list>
<pin id="21" dir="1" index="0" bw="1" slack="0"/>
</pin_list>
<bind>
<StgValue><ssdm name="p_k_s"/></StgValue>
</bind>
</comp>

<comp id="22" class="1000" name="p_r_s">
<pin_list>
<pin id="23" dir="1" index="0" bw="1" slack="0"/>
</pin_list>
<bind>
<StgValue><ssdm name="p_r_s"/></StgValue>
</bind>
</comp>

<comp id="24" class="1000" name="row_out">
<pin_list>
<pin id="25" dir="1" index="0" bw="1" slack="0"/>
</pin_list>
<bind>
<StgValue><ssdm name="row_out"/></StgValue>
</bind>
</comp>

<comp id="26" class="1000" name="add_ln207_1_loc_out">
<pin_list>
<pin id="27" dir="1" index="0" bw="1" slack="0"/>
</pin_list>
<bind>
<StgValue><ssdm name="add_ln207_1_loc_out"/></StgValue>
</bind>
</comp>

<comp id="28" class="1000" name="p_c_out">
<pin_list>
<pin id="29" dir="1" index="0" bw="1" slack="0"/>
</pin_list>
<bind>
<StgValue><ssdm name="p_c_out"/></StgValue>
</bind>
</comp>

<comp id="30" class="1000" name="p_c_out1">
<pin_list>
<pin id="31" dir="1" index="0" bw="1" slack="0"/>
</pin_list>
<bind>
<StgValue><ssdm name="p_c_out1"/></StgValue>
</bind>
</comp>

<comp id="32" class="1000" name="p_chin_out">
<pin_list>
<pin id="33" dir="1" index="0" bw="1" slack="0"/>
</pin_list>
<bind>
<StgValue><ssdm name="p_chin_out"/></StgValue>
</bind>
</comp>

<comp id="34" class="1000" name="p_chin_out2">
<pin_list>
<pin id="35" dir="1" index="0" bw="1" slack="0"/>
</pin_list>
<bind>
<StgValue><ssdm name="p_chin_out2"/></StgValue>
</bind>
</comp>

<comp id="36" class="1000" name="p_chout_out">
<pin_list>
<pin id="37" dir="1" index="0" bw="1" slack="0"/>
</pin_list>
<bind>
<StgValue><ssdm name="p_chout_out"/></StgValue>
</bind>
</comp>

<comp id="38" class="1000" name="p_chout_out3">
<pin_list>
<pin id="39" dir="1" index="0" bw="1" slack="0"/>
</pin_list>
<bind>
<StgValue><ssdm name="p_chout_out3"/></StgValue>
</bind>
</comp>

<comp id="40" class="1000" name="p_k_out">
<pin_list>
<pin id="41" dir="1" index="0" bw="1" slack="0"/>
</pin_list>
<bind>
<StgValue><ssdm name="p_k_out"/></StgValue>
</bind>
</comp>

<comp id="42" class="1000" name="p_k_out4">
<pin_list>
<pin id="43" dir="1" index="0" bw="1" slack="0"/>
</pin_list>
<bind>
<StgValue><ssdm name="p_k_out4"/></StgValue>
</bind>
</comp>

<comp id="44" class="1000" name="p_r_out">
<pin_list>
<pin id="45" dir="1" index="0" bw="1" slack="0"/>
</pin_list>
<bind>
<StgValue><ssdm name="p_r_out"/></StgValue>
</bind>
</comp>

<comp id="46" class="1000" name="p_r_out5">
<pin_list>
<pin id="47" dir="1" index="0" bw="1" slack="0"/>
</pin_list>
<bind>
<StgValue><ssdm name="p_r_out5"/></StgValue>
</bind>
</comp>

<comp id="48" class="1001" name="const_48">
<pin_list>
<pin id="49" dir="1" index="0" bw="1" slack="0"/>
</pin_list>
<bind>
<StgValue><ssdm name="_ssdm_op_Read.ap_fifo.i32P"/></StgValue>
</bind>
</comp>

<comp id="50" class="1001" name="const_50">
<pin_list>
<pin id="51" dir="1" index="0" bw="1" slack="0"/>
</pin_list>
<bind>
<StgValue><ssdm name="_ssdm_op_Write.ap_fifo.i32P"/></StgValue>
</bind>
</comp>

<comp id="52" class="1001" name="const_52">
<pin_list>
<pin id="53" dir="1" index="0" bw="1" slack="2147483647"/>
</pin_list>
<bind>
<StgValue><ssdm name="_ssdm_op_SpecInterface"/></StgValue>
</bind>
</comp>

<comp id="54" class="1001" name="const_54">
<pin_list>
<pin id="55" dir="1" index="0" bw="1" slack="2147483647"/>
</pin_list>
<bind>
<StgValue><ssdm name="ap_fifo_str"/></StgValue>
</bind>
</comp>

<comp id="56" class="1001" name="const_56">
<pin_list>
<pin id="57" dir="1" index="0" bw="1" slack="2147483647"/>
</pin_list>
<bind>
<StgValue><ssdm name=""/></StgValue>
</bind>
</comp>

<comp id="58" class="1001" name="const_58">
<pin_list>
<pin id="59" dir="1" index="0" bw="1" slack="2147483647"/>
</pin_list>
<bind>
<StgValue><ssdm name="p_str"/></StgValue>
</bind>
</comp>

<comp id="60" class="1001" name="const_60">
<pin_list>
<pin id="61" dir="1" index="0" bw="1" slack="2147483647"/>
</pin_list>
<bind>
<StgValue><ssdm name=""/></StgValue>
</bind>
</comp>

<comp id="62" class="1001" name="const_62">
<pin_list>
<pin id="63" dir="1" index="0" bw="1" slack="2147483647"/>
</pin_list>
<bind>
<StgValue><ssdm name=""/></StgValue>
</bind>
</comp>

<comp id="64" class="1001" name="const_64">
<pin_list>
<pin id="65" dir="1" index="0" bw="1" slack="2147483647"/>
</pin_list>
<bind>
<StgValue><ssdm name="ScalarProp_str"/></StgValue>
</bind>
</comp>

<comp id="66" class="1001" name="const_66">
<pin_list>
<pin id="67" dir="1" index="0" bw="1" slack="1"/>
</pin_list>
<bind>
<StgValue><ssdm name=""/></StgValue>
</bind>
</comp>

<comp id="68" class="1001" name="const_68">
<pin_list>
<pin id="69" dir="1" index="0" bw="1" slack="0"/>
</pin_list>
<bind>
<StgValue><ssdm name=""/></StgValue>
</bind>
</comp>

<comp id="70" class="1001" name="const_70">
<pin_list>
<pin id="71" dir="1" index="0" bw="1" slack="2147483647"/>
</pin_list>
<bind>
<StgValue><ssdm name="_ssdm_op_SpecRegionBegin"/></StgValue>
</bind>
</comp>

<comp id="72" class="1001" name="const_72">
<pin_list>
<pin id="73" dir="1" index="0" bw="1" slack="2147483647"/>
</pin_list>
<bind>
<StgValue><ssdm name="p_str9"/></StgValue>
</bind>
</comp>

<comp id="74" class="1001" name="const_74">
<pin_list>
<pin id="75" dir="1" index="0" bw="1" slack="2147483647"/>
</pin_list>
<bind>
<StgValue><ssdm name="_ssdm_op_SpecLoopTripCount"/></StgValue>
</bind>
</comp>

<comp id="76" class="1001" name="const_76">
<pin_list>
<pin id="77" dir="1" index="0" bw="1" slack="2147483647"/>
</pin_list>
<bind>
<StgValue><ssdm name=""/></StgValue>
</bind>
</comp>

<comp id="78" class="1001" name="const_78">
<pin_list>
<pin id="79" dir="1" index="0" bw="1" slack="2147483647"/>
</pin_list>
<bind>
<StgValue><ssdm name=""/></StgValue>
</bind>
</comp>

<comp id="80" class="1001" name="const_80">
<pin_list>
<pin id="81" dir="1" index="0" bw="1" slack="2147483647"/>
</pin_list>
<bind>
<StgValue><ssdm name=""/></StgValue>
</bind>
</comp>

<comp id="82" class="1001" name="const_82">
<pin_list>
<pin id="83" dir="1" index="0" bw="1" slack="1"/>
</pin_list>
<bind>
<StgValue><ssdm name=""/></StgValue>
</bind>
</comp>

<comp id="84" class="1001" name="const_84">
<pin_list>
<pin id="85" dir="1" index="0" bw="1" slack="1"/>
</pin_list>
<bind>
<StgValue><ssdm name=""/></StgValue>
</bind>
</comp>

<comp id="86" class="1001" name="const_86">
<pin_list>
<pin id="87" dir="1" index="0" bw="1" slack="0"/>
</pin_list>
<bind>
<StgValue><ssdm name=""/></StgValue>
</bind>
</comp>

<comp id="88" class="1001" name="const_88">
<pin_list>
<pin id="89" dir="1" index="0" bw="1" slack="0"/>
</pin_list>
<bind>
<StgValue><ssdm name="_ssdm_op_Read.ap_fifo.volatile.floatP"/></StgValue>
</bind>
</comp>

<comp id="90" class="1001" name="const_90">
<pin_list>
<pin id="91" dir="1" index="0" bw="1" slack="0"/>
</pin_list>
<bind>
<StgValue><ssdm name="_ssdm_op_Write.ap_fifo.volatile.floatP"/></StgValue>
</bind>
</comp>

<comp id="92" class="1001" name="const_92">
<pin_list>
<pin id="93" dir="1" index="0" bw="1" slack="2147483647"/>
</pin_list>
<bind>
<StgValue><ssdm name="_ssdm_op_SpecLoopName"/></StgValue>
</bind>
</comp>

<comp id="94" class="1001" name="const_94">
<pin_list>
<pin id="95" dir="1" index="0" bw="1" slack="2147483647"/>
</pin_list>
<bind>
<StgValue><ssdm name="L_L_Inner_str"/></StgValue>
</bind>
</comp>

<comp id="96" class="1001" name="const_96">
<pin_list>
<pin id="97" dir="1" index="0" bw="1" slack="2147483647"/>
</pin_list>
<bind>
<StgValue><ssdm name=""/></StgValue>
</bind>
</comp>

<comp id="98" class="1001" name="const_98">
<pin_list>
<pin id="99" dir="1" index="0" bw="1" slack="2147483647"/>
</pin_list>
<bind>
<StgValue><ssdm name=""/></StgValue>
</bind>
</comp>

<comp id="100" class="1001" name="const_100">
<pin_list>
<pin id="101" dir="1" index="0" bw="1" slack="2147483647"/>
</pin_list>
<bind>
<StgValue><ssdm name=""/></StgValue>
</bind>
</comp>

<comp id="102" class="1001" name="const_102">
<pin_list>
<pin id="103" dir="1" index="0" bw="1" slack="2147483647"/>
</pin_list>
<bind>
<StgValue><ssdm name="L_Inner_str"/></StgValue>
</bind>
</comp>

<comp id="104" class="1001" name="const_104">
<pin_list>
<pin id="105" dir="1" index="0" bw="1" slack="2147483647"/>
</pin_list>
<bind>
<StgValue><ssdm name="p_str4"/></StgValue>
</bind>
</comp>

<comp id="106" class="1001" name="const_106">
<pin_list>
<pin id="107" dir="1" index="0" bw="1" slack="2147483647"/>
</pin_list>
<bind>
<StgValue><ssdm name="_ssdm_op_SpecPipeline"/></StgValue>
</bind>
</comp>

<comp id="108" class="1001" name="const_108">
<pin_list>
<pin id="109" dir="1" index="0" bw="1" slack="2147483647"/>
</pin_list>
<bind>
<StgValue><ssdm name=""/></StgValue>
</bind>
</comp>

<comp id="110" class="1001" name="const_110">
<pin_list>
<pin id="111" dir="1" index="0" bw="1" slack="2147483647"/>
</pin_list>
<bind>
<StgValue><ssdm name="_ssdm_op_SpecRegionEnd"/></StgValue>
</bind>
</comp>

<comp id="112" class="1004" name="row_read_read_fu_112">
<pin_list>
<pin id="113" dir="0" index="0" bw="32" slack="0"/>
<pin id="114" dir="0" index="1" bw="32" slack="0"/>
<pin id="115" dir="1" index="2" bw="32" slack="0"/>
</pin_list>
<bind>
<opcode="read(1150) " fcode="read"/>
<opset="row_read/1 "/>
</bind>
</comp>

<comp id="118" class="1004" name="add_ln207_1_loc_read_read_fu_118">
<pin_list>
<pin id="119" dir="0" index="0" bw="32" slack="0"/>
<pin id="120" dir="0" index="1" bw="32" slack="0"/>
<pin id="121" dir="1" index="2" bw="32" slack="0"/>
</pin_list>
<bind>
<opcode="read(1150) " fcode="read"/>
<opset="add_ln207_1_loc_read/1 "/>
</bind>
</comp>

<comp id="124" class="1004" name="p_c_read_read_fu_124">
<pin_list>
<pin id="125" dir="0" index="0" bw="32" slack="0"/>
<pin id="126" dir="0" index="1" bw="32" slack="0"/>
<pin id="127" dir="1" index="2" bw="32" slack="0"/>
</pin_list>
<bind>
<opcode="read(1150) " fcode="read"/>
<opset="p_c_read/1 "/>
</bind>
</comp>

<comp id="130" class="1004" name="p_chin_read_read_fu_130">
<pin_list>
<pin id="131" dir="0" index="0" bw="32" slack="0"/>
<pin id="132" dir="0" index="1" bw="32" slack="0"/>
<pin id="133" dir="1" index="2" bw="32" slack="0"/>
</pin_list>
<bind>
<opcode="read(1150) " fcode="read"/>
<opset="p_chin_read/1 "/>
</bind>
</comp>

<comp id="136" class="1004" name="p_chout_read_read_fu_136">
<pin_list>
<pin id="137" dir="0" index="0" bw="32" slack="0"/>
<pin id="138" dir="0" index="1" bw="32" slack="0"/>
<pin id="139" dir="1" index="2" bw="32" slack="0"/>
</pin_list>
<bind>
<opcode="read(1150) " fcode="read"/>
<opset="p_chout_read/1 "/>
</bind>
</comp>

<comp id="142" class="1004" name="p_k_read_read_fu_142">
<pin_list>
<pin id="143" dir="0" index="0" bw="32" slack="0"/>
<pin id="144" dir="0" index="1" bw="32" slack="0"/>
<pin id="145" dir="1" index="2" bw="32" slack="0"/>
</pin_list>
<bind>
<opcode="read(1150) " fcode="read"/>
<opset="p_k_read/1 "/>
</bind>
</comp>

<comp id="148" class="1004" name="p_r_read_read_fu_148">
<pin_list>
<pin id="149" dir="0" index="0" bw="32" slack="0"/>
<pin id="150" dir="0" index="1" bw="32" slack="0"/>
<pin id="151" dir="1" index="2" bw="32" slack="0"/>
</pin_list>
<bind>
<opcode="read(1150) " fcode="read"/>
<opset="p_r_read/1 "/>
</bind>
</comp>

<comp id="154" class="1004" name="write_ln114_write_fu_154">
<pin_list>
<pin id="155" dir="0" index="0" bw="0" slack="0"/>
<pin id="156" dir="0" index="1" bw="32" slack="0"/>
<pin id="157" dir="0" index="2" bw="32" slack="0"/>
<pin id="158" dir="1" index="3" bw="0" slack="2147483647"/>
</pin_list>
<bind>
<opcode="write(1151) " fcode="write"/>
<opset="write_ln114/1 "/>
</bind>
</comp>

<comp id="162" class="1004" name="write_ln207_write_fu_162">
<pin_list>
<pin id="163" dir="0" index="0" bw="0" slack="0"/>
<pin id="164" dir="0" index="1" bw="32" slack="0"/>
<pin id="165" dir="0" index="2" bw="32" slack="0"/>
<pin id="166" dir="1" index="3" bw="0" slack="2147483647"/>
</pin_list>
<bind>
<opcode="write(1151) " fcode="write"/>
<opset="write_ln207/1 "/>
</bind>
</comp>

<comp id="170" class="1004" name="write_ln119_write_fu_170">
<pin_list>
<pin id="171" dir="0" index="0" bw="0" slack="0"/>
<pin id="172" dir="0" index="1" bw="32" slack="0"/>
<pin id="173" dir="0" index="2" bw="32" slack="0"/>
<pin id="174" dir="1" index="3" bw="0" slack="2147483647"/>
</pin_list>
<bind>
<opcode="write(1151) " fcode="write"/>
<opset="write_ln119/1 "/>
</bind>
</comp>

<comp id="178" class="1004" name="write_ln119_write_fu_178">
<pin_list>
<pin id="179" dir="0" index="0" bw="0" slack="0"/>
<pin id="180" dir="0" index="1" bw="32" slack="0"/>
<pin id="181" dir="0" index="2" bw="32" slack="0"/>
<pin id="182" dir="1" index="3" bw="0" slack="2147483647"/>
</pin_list>
<bind>
<opcode="write(1151) " fcode="write"/>
<opset="write_ln119/1 "/>
</bind>
</comp>

<comp id="186" class="1004" name="write_ln122_write_fu_186">
<pin_list>
<pin id="187" dir="0" index="0" bw="0" slack="0"/>
<pin id="188" dir="0" index="1" bw="32" slack="0"/>
<pin id="189" dir="0" index="2" bw="32" slack="0"/>
<pin id="190" dir="1" index="3" bw="0" slack="2147483647"/>
</pin_list>
<bind>
<opcode="write(1151) " fcode="write"/>
<opset="write_ln122/1 "/>
</bind>
</comp>

<comp id="194" class="1004" name="write_ln122_write_fu_194">
<pin_list>
<pin id="195" dir="0" index="0" bw="0" slack="0"/>
<pin id="196" dir="0" index="1" bw="32" slack="0"/>
<pin id="197" dir="0" index="2" bw="32" slack="0"/>
<pin id="198" dir="1" index="3" bw="0" slack="2147483647"/>
</pin_list>
<bind>
<opcode="write(1151) " fcode="write"/>
<opset="write_ln122/1 "/>
</bind>
</comp>

<comp id="202" class="1004" name="write_ln130_write_fu_202">
<pin_list>
<pin id="203" dir="0" index="0" bw="0" slack="0"/>
<pin id="204" dir="0" index="1" bw="32" slack="0"/>
<pin id="205" dir="0" index="2" bw="32" slack="0"/>
<pin id="206" dir="1" index="3" bw="0" slack="2147483647"/>
</pin_list>
<bind>
<opcode="write(1151) " fcode="write"/>
<opset="write_ln130/1 "/>
</bind>
</comp>

<comp id="210" class="1004" name="write_ln130_write_fu_210">
<pin_list>
<pin id="211" dir="0" index="0" bw="0" slack="0"/>
<pin id="212" dir="0" index="1" bw="32" slack="0"/>
<pin id="213" dir="0" index="2" bw="32" slack="0"/>
<pin id="214" dir="1" index="3" bw="0" slack="2147483647"/>
</pin_list>
<bind>
<opcode="write(1151) " fcode="write"/>
<opset="write_ln130/1 "/>
</bind>
</comp>

<comp id="218" class="1004" name="write_ln124_write_fu_218">
<pin_list>
<pin id="219" dir="0" index="0" bw="0" slack="0"/>
<pin id="220" dir="0" index="1" bw="32" slack="0"/>
<pin id="221" dir="0" index="2" bw="32" slack="0"/>
<pin id="222" dir="1" index="3" bw="0" slack="2147483647"/>
</pin_list>
<bind>
<opcode="write(1151) " fcode="write"/>
<opset="write_ln124/1 "/>
</bind>
</comp>

<comp id="226" class="1004" name="write_ln124_write_fu_226">
<pin_list>
<pin id="227" dir="0" index="0" bw="0" slack="0"/>
<pin id="228" dir="0" index="1" bw="32" slack="0"/>
<pin id="229" dir="0" index="2" bw="32" slack="0"/>
<pin id="230" dir="1" index="3" bw="0" slack="2147483647"/>
</pin_list>
<bind>
<opcode="write(1151) " fcode="write"/>
<opset="write_ln124/1 "/>
</bind>
</comp>

<comp id="234" class="1004" name="write_ln130_write_fu_234">
<pin_list>
<pin id="235" dir="0" index="0" bw="0" slack="0"/>
<pin id="236" dir="0" index="1" bw="32" slack="0"/>
<pin id="237" dir="0" index="2" bw="32" slack="0"/>
<pin id="238" dir="1" index="3" bw="0" slack="2147483647"/>
</pin_list>
<bind>
<opcode="write(1151) " fcode="write"/>
<opset="write_ln130/1 "/>
</bind>
</comp>

<comp id="242" class="1004" name="write_ln130_write_fu_242">
<pin_list>
<pin id="243" dir="0" index="0" bw="0" slack="0"/>
<pin id="244" dir="0" index="1" bw="32" slack="0"/>
<pin id="245" dir="0" index="2" bw="32" slack="0"/>
<pin id="246" dir="1" index="3" bw="0" slack="2147483647"/>
</pin_list>
<bind>
<opcode="write(1151) " fcode="write"/>
<opset="write_ln130/1 "/>
</bind>
</comp>

<comp id="250" class="1004" name="tmp_64_read_fu_250">
<pin_list>
<pin id="251" dir="0" index="0" bw="32" slack="0"/>
<pin id="252" dir="0" index="1" bw="32" slack="0"/>
<pin id="253" dir="1" index="2" bw="32" slack="0"/>
</pin_list>
<bind>
<opcode="read(1150) " fcode="read"/>
<opset="tmp_64/5 "/>
</bind>
</comp>

<comp id="256" class="1004" name="tmp_63_read_fu_256">
<pin_list>
<pin id="257" dir="0" index="0" bw="32" slack="0"/>
<pin id="258" dir="0" index="1" bw="32" slack="0"/>
<pin id="259" dir="1" index="2" bw="32" slack="0"/>
</pin_list>
<bind>
<opcode="read(1150) " fcode="read"/>
<opset="tmp_63/5 "/>
</bind>
</comp>

<comp id="262" class="1004" name="write_ln134_write_fu_262">
<pin_list>
<pin id="263" dir="0" index="0" bw="0" slack="0"/>
<pin id="264" dir="0" index="1" bw="32" slack="0"/>
<pin id="265" dir="0" index="2" bw="32" slack="0"/>
<pin id="266" dir="1" index="3" bw="0" slack="2147483647"/>
</pin_list>
<bind>
<opcode="write(1151) " fcode="write"/>
<opset="write_ln134/5 "/>
</bind>
</comp>

<comp id="270" class="1004" name="write_ln135_write_fu_270">
<pin_list>
<pin id="271" dir="0" index="0" bw="0" slack="0"/>
<pin id="272" dir="0" index="1" bw="32" slack="0"/>
<pin id="273" dir="0" index="2" bw="32" slack="0"/>
<pin id="274" dir="1" index="3" bw="0" slack="2147483647"/>
</pin_list>
<bind>
<opcode="write(1151) " fcode="write"/>
<opset="write_ln135/5 "/>
</bind>
</comp>

<comp id="278" class="1004" name="write_ln139_write_fu_278">
<pin_list>
<pin id="279" dir="0" index="0" bw="0" slack="0"/>
<pin id="280" dir="0" index="1" bw="32" slack="0"/>
<pin id="281" dir="0" index="2" bw="32" slack="1"/>
<pin id="282" dir="1" index="3" bw="0" slack="2147483647"/>
</pin_list>
<bind>
<opcode="write(1151) " fcode="write"/>
<opset="write_ln139/12 "/>
</bind>
</comp>

<comp id="285" class="1005" name="col_0_i_i_i_reg_285">
<pin_list>
<pin id="286" dir="0" index="0" bw="31" slack="1"/>
<pin id="287" dir="1" index="1" bw="31" slack="1"/>
</pin_list>
<bind>
<opset="col_0_i_i_i (phireg) "/>
</bind>
</comp>

<comp id="289" class="1004" name="col_0_i_i_i_phi_fu_289">
<pin_list>
<pin id="290" dir="0" index="0" bw="1" slack="1"/>
<pin id="291" dir="0" index="1" bw="0" slack="2147483647"/>
<pin id="292" dir="0" index="2" bw="31" slack="0"/>
<pin id="293" dir="0" index="3" bw="0" slack="2147483647"/>
<pin id="294" dir="1" index="4" bw="31" slack="0"/>
</pin_list>
<bind>
<opcode="phi(47) " fcode="phi"/>
<opset="col_0_i_i_i/3 "/>
</bind>
</comp>

<comp id="296" class="1005" name="indvar_flatten13_reg_296">
<pin_list>
<pin id="297" dir="0" index="0" bw="96" slack="1"/>
<pin id="298" dir="1" index="1" bw="96" slack="1"/>
</pin_list>
<bind>
<opset="indvar_flatten13 (phireg) "/>
</bind>
</comp>

<comp id="300" class="1004" name="indvar_flatten13_phi_fu_300">
<pin_list>
<pin id="301" dir="0" index="0" bw="1" slack="1"/>
<pin id="302" dir="0" index="1" bw="0" slack="2147483647"/>
<pin id="303" dir="0" index="2" bw="96" slack="0"/>
<pin id="304" dir="0" index="3" bw="0" slack="2147483647"/>
<pin id="305" dir="1" index="4" bw="96" slack="0"/>
</pin_list>
<bind>
<opcode="phi(47) " fcode="phi"/>
<opset="indvar_flatten13/4 "/>
</bind>
</comp>

<comp id="307" class="1005" name="tmp_reg_307">
<pin_list>
<pin id="308" dir="0" index="0" bw="32" slack="1"/>
<pin id="309" dir="1" index="1" bw="32" slack="1"/>
</pin_list>
<bind>
<opset="tmp (phireg) "/>
</bind>
</comp>

<comp id="312" class="1004" name="tmp_phi_fu_312">
<pin_list>
<pin id="313" dir="0" index="0" bw="32" slack="1"/>
<pin id="314" dir="0" index="1" bw="0" slack="2147483647"/>
<pin id="315" dir="0" index="2" bw="32" slack="1"/>
<pin id="316" dir="0" index="3" bw="0" slack="2147483647"/>
<pin id="317" dir="1" index="4" bw="32" slack="1"/>
</pin_list>
<bind>
<opcode="phi(47) " fcode="phi"/>
<opset="tmp/4 "/>
</bind>
</comp>

<comp id="320" class="1004" name="grp_fu_320">
<pin_list>
<pin id="321" dir="0" index="0" bw="32" slack="4"/>
<pin id="322" dir="0" index="1" bw="32" slack="1"/>
<pin id="323" dir="1" index="2" bw="32" slack="0"/>
</pin_list>
<bind>
<opcode="fadd(9) " fcode="fadd"/>
<opset="O_temp/8 "/>
</bind>
</comp>

<comp id="325" class="1004" name="grp_fu_325">
<pin_list>
<pin id="326" dir="0" index="0" bw="32" slack="1"/>
<pin id="327" dir="0" index="1" bw="32" slack="1"/>
<pin id="328" dir="1" index="2" bw="32" slack="1"/>
</pin_list>
<bind>
<opcode="fmul(13) " fcode="fmul"/>
<opset="tmp_4_i_i_i/6 "/>
</bind>
</comp>

<comp id="329" class="1004" name="icmp_ln130_fu_329">
<pin_list>
<pin id="330" dir="0" index="0" bw="32" slack="0"/>
<pin id="331" dir="0" index="1" bw="32" slack="0"/>
<pin id="332" dir="1" index="2" bw="1" slack="0"/>
</pin_list>
<bind>
<opcode="icmp(45) " fcode="icmp"/>
<opset="icmp_ln130/1 "/>
</bind>
</comp>

<comp id="335" class="1004" name="icmp_ln130_14_fu_335">
<pin_list>
<pin id="336" dir="0" index="0" bw="32" slack="0"/>
<pin id="337" dir="0" index="1" bw="32" slack="0"/>
<pin id="338" dir="1" index="2" bw="1" slack="0"/>
</pin_list>
<bind>
<opcode="icmp(45) " fcode="icmp"/>
<opset="icmp_ln130_14/1 "/>
</bind>
</comp>

<comp id="341" class="1004" name="and_ln130_fu_341">
<pin_list>
<pin id="342" dir="0" index="0" bw="1" slack="0"/>
<pin id="343" dir="0" index="1" bw="1" slack="0"/>
<pin id="344" dir="1" index="2" bw="1" slack="5"/>
</pin_list>
<bind>
<opcode="and(23) " fcode="and"/>
<opset="and_ln130/1 "/>
</bind>
</comp>

<comp id="347" class="1004" name="cast_fu_347">
<pin_list>
<pin id="348" dir="0" index="0" bw="32" slack="1"/>
<pin id="349" dir="1" index="1" bw="64" slack="0"/>
</pin_list>
<bind>
<opcode="zext(34) " fcode="zext"/>
<opset="cast/2 "/>
</bind>
</comp>

<comp id="350" class="1004" name="bound_fu_350">
<pin_list>
<pin id="351" dir="0" index="0" bw="32" slack="0"/>
<pin id="352" dir="0" index="1" bw="32" slack="0"/>
<pin id="353" dir="1" index="2" bw="64" slack="0"/>
</pin_list>
<bind>
<opcode="mul(12) " fcode="mul"/>
<opset="bound/2 "/>
</bind>
</comp>

<comp id="356" class="1004" name="cast2_fu_356">
<pin_list>
<pin id="357" dir="0" index="0" bw="32" slack="1"/>
<pin id="358" dir="1" index="1" bw="96" slack="0"/>
</pin_list>
<bind>
<opcode="zext(34) " fcode="zext"/>
<opset="cast2/2 "/>
</bind>
</comp>

<comp id="359" class="1004" name="cast3_fu_359">
<pin_list>
<pin id="360" dir="0" index="0" bw="64" slack="0"/>
<pin id="361" dir="1" index="1" bw="96" slack="0"/>
</pin_list>
<bind>
<opcode="zext(34) " fcode="zext"/>
<opset="cast3/2 "/>
</bind>
</comp>

<comp id="363" class="1004" name="bound4_fu_363">
<pin_list>
<pin id="364" dir="0" index="0" bw="64" slack="0"/>
<pin id="365" dir="0" index="1" bw="32" slack="0"/>
<pin id="366" dir="1" index="2" bw="96" slack="2"/>
</pin_list>
<bind>
<opcode="mul(12) " fcode="mul"/>
<opset="bound4/2 "/>
</bind>
</comp>

<comp id="369" class="1004" name="col_0_i_i_i_cast_fu_369">
<pin_list>
<pin id="370" dir="0" index="0" bw="31" slack="0"/>
<pin id="371" dir="1" index="1" bw="32" slack="0"/>
</pin_list>
<bind>
<opcode="zext(34) " fcode="zext"/>
<opset="col_0_i_i_i_cast/3 "/>
</bind>
</comp>

<comp id="373" class="1004" name="icmp_ln119_fu_373">
<pin_list>
<pin id="374" dir="0" index="0" bw="31" slack="0"/>
<pin id="375" dir="0" index="1" bw="32" slack="2"/>
<pin id="376" dir="1" index="2" bw="1" slack="1"/>
</pin_list>
<bind>
<opcode="icmp(45) " fcode="icmp"/>
<opset="icmp_ln119/3 "/>
</bind>
</comp>

<comp id="378" class="1004" name="add_ln119_fu_378">
<pin_list>
<pin id="379" dir="0" index="0" bw="31" slack="0"/>
<pin id="380" dir="0" index="1" bw="1" slack="0"/>
<pin id="381" dir="1" index="2" bw="31" slack="0"/>
</pin_list>
<bind>
<opcode="add(8) " fcode="add"/>
<opset="add_ln119/3 "/>
</bind>
</comp>

<comp id="384" class="1004" name="icmp_ln122_fu_384">
<pin_list>
<pin id="385" dir="0" index="0" bw="96" slack="0"/>
<pin id="386" dir="0" index="1" bw="96" slack="2"/>
<pin id="387" dir="1" index="2" bw="1" slack="1"/>
</pin_list>
<bind>
<opcode="icmp(45) " fcode="icmp"/>
<opset="icmp_ln122/4 "/>
</bind>
</comp>

<comp id="389" class="1004" name="add_ln122_fu_389">
<pin_list>
<pin id="390" dir="0" index="0" bw="96" slack="0"/>
<pin id="391" dir="0" index="1" bw="1" slack="0"/>
<pin id="392" dir="1" index="2" bw="96" slack="0"/>
</pin_list>
<bind>
<opcode="add(8) " fcode="add"/>
<opset="add_ln122/4 "/>
</bind>
</comp>

<comp id="395" class="1004" name="O_temp_14_fu_395">
<pin_list>
<pin id="396" dir="0" index="0" bw="1" slack="10"/>
<pin id="397" dir="0" index="1" bw="32" slack="0"/>
<pin id="398" dir="0" index="2" bw="32" slack="7"/>
<pin id="399" dir="1" index="3" bw="32" slack="1"/>
</pin_list>
<bind>
<opcode="select(49) " fcode="select"/>
<opset="O_temp_14/11 "/>
</bind>
</comp>

<comp id="402" class="1005" name="p_c_read_reg_402">
<pin_list>
<pin id="403" dir="0" index="0" bw="32" slack="2"/>
<pin id="404" dir="1" index="1" bw="32" slack="2"/>
</pin_list>
<bind>
<opset="p_c_read "/>
</bind>
</comp>

<comp id="407" class="1005" name="p_chin_read_reg_407">
<pin_list>
<pin id="408" dir="0" index="0" bw="32" slack="1"/>
<pin id="409" dir="1" index="1" bw="32" slack="1"/>
</pin_list>
<bind>
<opset="p_chin_read "/>
</bind>
</comp>

<comp id="412" class="1005" name="p_k_read_reg_412">
<pin_list>
<pin id="413" dir="0" index="0" bw="32" slack="1"/>
<pin id="414" dir="1" index="1" bw="32" slack="1"/>
</pin_list>
<bind>
<opset="p_k_read "/>
</bind>
</comp>

<comp id="417" class="1005" name="and_ln130_reg_417">
<pin_list>
<pin id="418" dir="0" index="0" bw="1" slack="5"/>
<pin id="419" dir="1" index="1" bw="1" slack="10"/>
</pin_list>
<bind>
<opset="and_ln130 "/>
</bind>
</comp>

<comp id="422" class="1005" name="bound4_reg_422">
<pin_list>
<pin id="423" dir="0" index="0" bw="96" slack="2"/>
<pin id="424" dir="1" index="1" bw="96" slack="2"/>
</pin_list>
<bind>
<opset="bound4 "/>
</bind>
</comp>

<comp id="427" class="1005" name="icmp_ln119_reg_427">
<pin_list>
<pin id="428" dir="0" index="0" bw="1" slack="1"/>
<pin id="429" dir="1" index="1" bw="1" slack="2147483647"/>
</pin_list>
<bind>
<opset="icmp_ln119 "/>
</bind>
</comp>

<comp id="431" class="1005" name="add_ln119_reg_431">
<pin_list>
<pin id="432" dir="0" index="0" bw="31" slack="0"/>
<pin id="433" dir="1" index="1" bw="31" slack="0"/>
</pin_list>
<bind>
<opset="add_ln119 "/>
</bind>
</comp>

<comp id="436" class="1005" name="icmp_ln122_reg_436">
<pin_list>
<pin id="437" dir="0" index="0" bw="1" slack="1"/>
<pin id="438" dir="1" index="1" bw="1" slack="2147483647"/>
</pin_list>
<bind>
<opset="icmp_ln122 "/>
</bind>
</comp>

<comp id="440" class="1005" name="add_ln122_reg_440">
<pin_list>
<pin id="441" dir="0" index="0" bw="96" slack="0"/>
<pin id="442" dir="1" index="1" bw="96" slack="0"/>
</pin_list>
<bind>
<opset="add_ln122 "/>
</bind>
</comp>

<comp id="445" class="1005" name="tmp_64_reg_445">
<pin_list>
<pin id="446" dir="0" index="0" bw="32" slack="1"/>
<pin id="447" dir="1" index="1" bw="32" slack="1"/>
</pin_list>
<bind>
<opset="tmp_64 "/>
</bind>
</comp>

<comp id="450" class="1005" name="tmp_63_reg_450">
<pin_list>
<pin id="451" dir="0" index="0" bw="32" slack="1"/>
<pin id="452" dir="1" index="1" bw="32" slack="1"/>
</pin_list>
<bind>
<opset="tmp_63 "/>
</bind>
</comp>

<comp id="455" class="1005" name="tmp_4_i_i_i_reg_455">
<pin_list>
<pin id="456" dir="0" index="0" bw="32" slack="1"/>
<pin id="457" dir="1" index="1" bw="32" slack="1"/>
</pin_list>
<bind>
<opset="tmp_4_i_i_i "/>
</bind>
</comp>

<comp id="460" class="1005" name="O_temp_14_reg_460">
<pin_list>
<pin id="461" dir="0" index="0" bw="32" slack="1"/>
<pin id="462" dir="1" index="1" bw="32" slack="1"/>
</pin_list>
<bind>
<opset="O_temp_14 "/>
</bind>
</comp>

</comp_list>

<net_list>
<net id="116"><net_src comp="48" pin="0"/><net_sink comp="112" pin=0"/></net>

<net id="117"><net_src comp="8" pin="0"/><net_sink comp="112" pin=1"/></net>

<net id="122"><net_src comp="48" pin="0"/><net_sink comp="118" pin=0"/></net>

<net id="123"><net_src comp="10" pin="0"/><net_sink comp="118" pin=1"/></net>

<net id="128"><net_src comp="48" pin="0"/><net_sink comp="124" pin=0"/></net>

<net id="129"><net_src comp="14" pin="0"/><net_sink comp="124" pin=1"/></net>

<net id="134"><net_src comp="48" pin="0"/><net_sink comp="130" pin=0"/></net>

<net id="135"><net_src comp="16" pin="0"/><net_sink comp="130" pin=1"/></net>

<net id="140"><net_src comp="48" pin="0"/><net_sink comp="136" pin=0"/></net>

<net id="141"><net_src comp="18" pin="0"/><net_sink comp="136" pin=1"/></net>

<net id="146"><net_src comp="48" pin="0"/><net_sink comp="142" pin=0"/></net>

<net id="147"><net_src comp="20" pin="0"/><net_sink comp="142" pin=1"/></net>

<net id="152"><net_src comp="48" pin="0"/><net_sink comp="148" pin=0"/></net>

<net id="153"><net_src comp="22" pin="0"/><net_sink comp="148" pin=1"/></net>

<net id="159"><net_src comp="50" pin="0"/><net_sink comp="154" pin=0"/></net>

<net id="160"><net_src comp="24" pin="0"/><net_sink comp="154" pin=1"/></net>

<net id="161"><net_src comp="112" pin="2"/><net_sink comp="154" pin=2"/></net>

<net id="167"><net_src comp="50" pin="0"/><net_sink comp="162" pin=0"/></net>

<net id="168"><net_src comp="26" pin="0"/><net_sink comp="162" pin=1"/></net>

<net id="169"><net_src comp="118" pin="2"/><net_sink comp="162" pin=2"/></net>

<net id="175"><net_src comp="50" pin="0"/><net_sink comp="170" pin=0"/></net>

<net id="176"><net_src comp="28" pin="0"/><net_sink comp="170" pin=1"/></net>

<net id="177"><net_src comp="124" pin="2"/><net_sink comp="170" pin=2"/></net>

<net id="183"><net_src comp="50" pin="0"/><net_sink comp="178" pin=0"/></net>

<net id="184"><net_src comp="30" pin="0"/><net_sink comp="178" pin=1"/></net>

<net id="185"><net_src comp="124" pin="2"/><net_sink comp="178" pin=2"/></net>

<net id="191"><net_src comp="50" pin="0"/><net_sink comp="186" pin=0"/></net>

<net id="192"><net_src comp="32" pin="0"/><net_sink comp="186" pin=1"/></net>

<net id="193"><net_src comp="130" pin="2"/><net_sink comp="186" pin=2"/></net>

<net id="199"><net_src comp="50" pin="0"/><net_sink comp="194" pin=0"/></net>

<net id="200"><net_src comp="34" pin="0"/><net_sink comp="194" pin=1"/></net>

<net id="201"><net_src comp="130" pin="2"/><net_sink comp="194" pin=2"/></net>

<net id="207"><net_src comp="50" pin="0"/><net_sink comp="202" pin=0"/></net>

<net id="208"><net_src comp="36" pin="0"/><net_sink comp="202" pin=1"/></net>

<net id="209"><net_src comp="136" pin="2"/><net_sink comp="202" pin=2"/></net>

<net id="215"><net_src comp="50" pin="0"/><net_sink comp="210" pin=0"/></net>

<net id="216"><net_src comp="38" pin="0"/><net_sink comp="210" pin=1"/></net>

<net id="217"><net_src comp="136" pin="2"/><net_sink comp="210" pin=2"/></net>

<net id="223"><net_src comp="50" pin="0"/><net_sink comp="218" pin=0"/></net>

<net id="224"><net_src comp="40" pin="0"/><net_sink comp="218" pin=1"/></net>

<net id="225"><net_src comp="142" pin="2"/><net_sink comp="218" pin=2"/></net>

<net id="231"><net_src comp="50" pin="0"/><net_sink comp="226" pin=0"/></net>

<net id="232"><net_src comp="42" pin="0"/><net_sink comp="226" pin=1"/></net>

<net id="233"><net_src comp="142" pin="2"/><net_sink comp="226" pin=2"/></net>

<net id="239"><net_src comp="50" pin="0"/><net_sink comp="234" pin=0"/></net>

<net id="240"><net_src comp="44" pin="0"/><net_sink comp="234" pin=1"/></net>

<net id="241"><net_src comp="148" pin="2"/><net_sink comp="234" pin=2"/></net>

<net id="247"><net_src comp="50" pin="0"/><net_sink comp="242" pin=0"/></net>

<net id="248"><net_src comp="46" pin="0"/><net_sink comp="242" pin=1"/></net>

<net id="249"><net_src comp="148" pin="2"/><net_sink comp="242" pin=2"/></net>

<net id="254"><net_src comp="88" pin="0"/><net_sink comp="250" pin=0"/></net>

<net id="255"><net_src comp="0" pin="0"/><net_sink comp="250" pin=1"/></net>

<net id="260"><net_src comp="88" pin="0"/><net_sink comp="256" pin=0"/></net>

<net id="261"><net_src comp="2" pin="0"/><net_sink comp="256" pin=1"/></net>

<net id="267"><net_src comp="90" pin="0"/><net_sink comp="262" pin=0"/></net>

<net id="268"><net_src comp="6" pin="0"/><net_sink comp="262" pin=1"/></net>

<net id="269"><net_src comp="256" pin="2"/><net_sink comp="262" pin=2"/></net>

<net id="275"><net_src comp="90" pin="0"/><net_sink comp="270" pin=0"/></net>

<net id="276"><net_src comp="4" pin="0"/><net_sink comp="270" pin=1"/></net>

<net id="277"><net_src comp="250" pin="2"/><net_sink comp="270" pin=2"/></net>

<net id="283"><net_src comp="90" pin="0"/><net_sink comp="278" pin=0"/></net>

<net id="284"><net_src comp="12" pin="0"/><net_sink comp="278" pin=1"/></net>

<net id="288"><net_src comp="66" pin="0"/><net_sink comp="285" pin=0"/></net>

<net id="295"><net_src comp="285" pin="1"/><net_sink comp="289" pin=0"/></net>

<net id="299"><net_src comp="82" pin="0"/><net_sink comp="296" pin=0"/></net>

<net id="306"><net_src comp="296" pin="1"/><net_sink comp="300" pin=0"/></net>

<net id="310"><net_src comp="84" pin="0"/><net_sink comp="307" pin=0"/></net>

<net id="311"><net_src comp="307" pin="1"/><net_sink comp="278" pin=2"/></net>

<net id="318"><net_src comp="307" pin="1"/><net_sink comp="312" pin=0"/></net>

<net id="319"><net_src comp="312" pin="4"/><net_sink comp="307" pin=0"/></net>

<net id="324"><net_src comp="307" pin="1"/><net_sink comp="320" pin=0"/></net>

<net id="333"><net_src comp="148" pin="2"/><net_sink comp="329" pin=0"/></net>

<net id="334"><net_src comp="112" pin="2"/><net_sink comp="329" pin=1"/></net>

<net id="339"><net_src comp="136" pin="2"/><net_sink comp="335" pin=0"/></net>

<net id="340"><net_src comp="118" pin="2"/><net_sink comp="335" pin=1"/></net>

<net id="345"><net_src comp="329" pin="2"/><net_sink comp="341" pin=0"/></net>

<net id="346"><net_src comp="335" pin="2"/><net_sink comp="341" pin=1"/></net>

<net id="354"><net_src comp="347" pin="1"/><net_sink comp="350" pin=0"/></net>

<net id="355"><net_src comp="347" pin="1"/><net_sink comp="350" pin=1"/></net>

<net id="362"><net_src comp="350" pin="2"/><net_sink comp="359" pin=0"/></net>

<net id="367"><net_src comp="359" pin="1"/><net_sink comp="363" pin=0"/></net>

<net id="368"><net_src comp="356" pin="1"/><net_sink comp="363" pin=1"/></net>

<net id="372"><net_src comp="289" pin="4"/><net_sink comp="369" pin=0"/></net>

<net id="377"><net_src comp="369" pin="1"/><net_sink comp="373" pin=0"/></net>

<net id="382"><net_src comp="289" pin="4"/><net_sink comp="378" pin=0"/></net>

<net id="383"><net_src comp="68" pin="0"/><net_sink comp="378" pin=1"/></net>

<net id="388"><net_src comp="300" pin="4"/><net_sink comp="384" pin=0"/></net>

<net id="393"><net_src comp="300" pin="4"/><net_sink comp="389" pin=0"/></net>

<net id="394"><net_src comp="86" pin="0"/><net_sink comp="389" pin=1"/></net>

<net id="400"><net_src comp="320" pin="2"/><net_sink comp="395" pin=1"/></net>

<net id="401"><net_src comp="307" pin="1"/><net_sink comp="395" pin=2"/></net>

<net id="405"><net_src comp="124" pin="2"/><net_sink comp="402" pin=0"/></net>

<net id="406"><net_src comp="402" pin="1"/><net_sink comp="373" pin=1"/></net>

<net id="410"><net_src comp="130" pin="2"/><net_sink comp="407" pin=0"/></net>

<net id="411"><net_src comp="407" pin="1"/><net_sink comp="356" pin=0"/></net>

<net id="415"><net_src comp="142" pin="2"/><net_sink comp="412" pin=0"/></net>

<net id="416"><net_src comp="412" pin="1"/><net_sink comp="347" pin=0"/></net>

<net id="420"><net_src comp="341" pin="2"/><net_sink comp="417" pin=0"/></net>

<net id="421"><net_src comp="417" pin="1"/><net_sink comp="395" pin=0"/></net>

<net id="425"><net_src comp="363" pin="2"/><net_sink comp="422" pin=0"/></net>

<net id="426"><net_src comp="422" pin="1"/><net_sink comp="384" pin=1"/></net>

<net id="430"><net_src comp="373" pin="2"/><net_sink comp="427" pin=0"/></net>

<net id="434"><net_src comp="378" pin="2"/><net_sink comp="431" pin=0"/></net>

<net id="435"><net_src comp="431" pin="1"/><net_sink comp="289" pin=2"/></net>

<net id="439"><net_src comp="384" pin="2"/><net_sink comp="436" pin=0"/></net>

<net id="443"><net_src comp="389" pin="2"/><net_sink comp="440" pin=0"/></net>

<net id="444"><net_src comp="440" pin="1"/><net_sink comp="300" pin=2"/></net>

<net id="448"><net_src comp="250" pin="2"/><net_sink comp="445" pin=0"/></net>

<net id="449"><net_src comp="445" pin="1"/><net_sink comp="325" pin=1"/></net>

<net id="453"><net_src comp="256" pin="2"/><net_sink comp="450" pin=0"/></net>

<net id="454"><net_src comp="450" pin="1"/><net_sink comp="325" pin=0"/></net>

<net id="458"><net_src comp="325" pin="2"/><net_sink comp="455" pin=0"/></net>

<net id="459"><net_src comp="455" pin="1"/><net_sink comp="320" pin=1"/></net>

<net id="463"><net_src comp="395" pin="3"/><net_sink comp="460" pin=0"/></net>

<net id="464"><net_src comp="460" pin="1"/><net_sink comp="312" pin=2"/></net>

</net_list>

</model> 
---------------- Datapath Model END ------------------

* FSMD analyzer results:
  - Output states:
	Port: W_inter_1_2 | {5 }
	Port: In_inter_0_3 | {5 }
	Port: O_inter_0_2 | {12 }
	Port: row_out | {1 }
	Port: add_ln207_1_loc_out | {1 }
	Port: p_c_out | {1 }
	Port: p_c_out1 | {1 }
	Port: p_chin_out | {1 }
	Port: p_chin_out2 | {1 }
	Port: p_chout_out | {1 }
	Port: p_chout_out3 | {1 }
	Port: p_k_out | {1 }
	Port: p_k_out4 | {1 }
	Port: p_r_out | {1 }
	Port: p_r_out5 | {1 }
 - Input state : 
	Port: PE23 : W_inter_0_2 | {5 }
	Port: PE23 : In_inter_0_2 | {5 }
	Port: PE23 : row | {1 }
	Port: PE23 : add_ln207_1_loc | {1 }
	Port: PE23 : p_c_s | {1 }
	Port: PE23 : p_chin_s | {1 }
	Port: PE23 : p_chout_s | {1 }
	Port: PE23 : p_k_s | {1 }
	Port: PE23 : p_r_s | {1 }
  - Chain level:
	State 1
		and_ln130 : 1
	State 2
		bound : 1
		cast3 : 2
		bound4 : 3
	State 3
		col_0_i_i_i_cast : 1
		icmp_ln119 : 2
		add_ln119 : 1
		br_ln119 : 3
	State 4
		icmp_ln122 : 1
		add_ln122 : 1
		br_ln122 : 2
	State 5
	State 6
	State 7
	State 8
	State 9
	State 10
	State 11
		O_temp_14 : 1
		empty : 1
	State 12


============================================================
+ Verbose Summary: Datapath Resource usage 
============================================================

* Functional unit list:
|----------|----------------------------------|---------|---------|---------|
| Operation|          Functional Unit         |  DSP48E |    FF   |   LUT   |
|----------|----------------------------------|---------|---------|---------|
|   fadd   |            grp_fu_320            |    2    |   227   |   214   |
|----------|----------------------------------|---------|---------|---------|
|   fmul   |            grp_fu_325            |    3    |   128   |   135   |
|----------|----------------------------------|---------|---------|---------|
|    add   |         add_ln119_fu_378         |    0    |    0    |    38   |
|          |         add_ln122_fu_389         |    0    |    0    |   103   |
|----------|----------------------------------|---------|---------|---------|
|          |         icmp_ln130_fu_329        |    0    |    0    |    20   |
|   icmp   |       icmp_ln130_14_fu_335       |    0    |    0    |    20   |
|          |         icmp_ln119_fu_373        |    0    |    0    |    20   |
|          |         icmp_ln122_fu_384        |    0    |    0    |    50   |
|----------|----------------------------------|---------|---------|---------|
|    mul   |           bound_fu_350           |    4    |    0    |    20   |
|          |           bound4_fu_363          |    8    |    0    |    46   |
|----------|----------------------------------|---------|---------|---------|
|  select  |         O_temp_14_fu_395         |    0    |    0    |    32   |
|----------|----------------------------------|---------|---------|---------|
|    and   |         and_ln130_fu_341         |    0    |    0    |    2    |
|----------|----------------------------------|---------|---------|---------|
|          |       row_read_read_fu_112       |    0    |    0    |    0    |
|          | add_ln207_1_loc_read_read_fu_118 |    0    |    0    |    0    |
|          |       p_c_read_read_fu_124       |    0    |    0    |    0    |
|          |      p_chin_read_read_fu_130     |    0    |    0    |    0    |
|   read   |     p_chout_read_read_fu_136     |    0    |    0    |    0    |
|          |       p_k_read_read_fu_142       |    0    |    0    |    0    |
|          |       p_r_read_read_fu_148       |    0    |    0    |    0    |
|          |        tmp_64_read_fu_250        |    0    |    0    |    0    |
|          |        tmp_63_read_fu_256        |    0    |    0    |    0    |
|----------|----------------------------------|---------|---------|---------|
|          |     write_ln114_write_fu_154     |    0    |    0    |    0    |
|          |     write_ln207_write_fu_162     |    0    |    0    |    0    |
|          |     write_ln119_write_fu_170     |    0    |    0    |    0    |
|          |     write_ln119_write_fu_178     |    0    |    0    |    0    |
|          |     write_ln122_write_fu_186     |    0    |    0    |    0    |
|          |     write_ln122_write_fu_194     |    0    |    0    |    0    |
|          |     write_ln130_write_fu_202     |    0    |    0    |    0    |
|   write  |     write_ln130_write_fu_210     |    0    |    0    |    0    |
|          |     write_ln124_write_fu_218     |    0    |    0    |    0    |
|          |     write_ln124_write_fu_226     |    0    |    0    |    0    |
|          |     write_ln130_write_fu_234     |    0    |    0    |    0    |
|          |     write_ln130_write_fu_242     |    0    |    0    |    0    |
|          |     write_ln134_write_fu_262     |    0    |    0    |    0    |
|          |     write_ln135_write_fu_270     |    0    |    0    |    0    |
|          |     write_ln139_write_fu_278     |    0    |    0    |    0    |
|----------|----------------------------------|---------|---------|---------|
|          |            cast_fu_347           |    0    |    0    |    0    |
|   zext   |           cast2_fu_356           |    0    |    0    |    0    |
|          |           cast3_fu_359           |    0    |    0    |    0    |
|          |      col_0_i_i_i_cast_fu_369     |    0    |    0    |    0    |
|----------|----------------------------------|---------|---------|---------|
|   Total  |                                  |    17   |   355   |   700   |
|----------|----------------------------------|---------|---------|---------|

Memories:
N/A

* Register list:
+------------------------+--------+
|                        |   FF   |
+------------------------+--------+
|    O_temp_14_reg_460   |   32   |
|    add_ln119_reg_431   |   31   |
|    add_ln122_reg_440   |   96   |
|    and_ln130_reg_417   |    1   |
|     bound4_reg_422     |   96   |
|   col_0_i_i_i_reg_285  |   31   |
|   icmp_ln119_reg_427   |    1   |
|   icmp_ln122_reg_436   |    1   |
|indvar_flatten13_reg_296|   96   |
|    p_c_read_reg_402    |   32   |
|   p_chin_read_reg_407  |   32   |
|    p_k_read_reg_412    |   32   |
|   tmp_4_i_i_i_reg_455  |   32   |
|     tmp_63_reg_450     |   32   |
|     tmp_64_reg_445     |   32   |
|       tmp_reg_307      |   32   |
+------------------------+--------+
|          Total         |   609  |
+------------------------+--------+

* Multiplexer (MUX) list: 
|-------------|------|------|------|--------||---------||---------|
|     Comp    |  Pin | Size |  BW  | S x BW ||  Delay  ||   LUT   |
|-------------|------|------|------|--------||---------||---------|
| tmp_reg_307 |  p0  |   2  |  32  |   64   ||    9    |
|-------------|------|------|------|--------||---------||---------|
|    Total    |      |      |      |   64   ||  0.656  ||    9    |
|-------------|------|------|------|--------||---------||---------|



* Summary:
+-----------+--------+--------+--------+--------+
|           | DSP48E |  Delay |   FF   |   LUT  |
+-----------+--------+--------+--------+--------+
|  Function |   17   |    -   |   355  |   700  |
|   Memory  |    -   |    -   |    -   |    -   |
|Multiplexer|    -   |    0   |    -   |    9   |
|  Register |    -   |    -   |   609  |    -   |
+-----------+--------+--------+--------+--------+
|   Total   |   17   |    0   |   964  |   709  |
+-----------+--------+--------+--------+--------+
